Archive member included to satisfy reference by file (symbol)

c:/st/stm32cubeide_1.1.0/stm32cubeide/plugins/com.st.stm32cube.ide.mcu.externaltools.gnu-tools-for-stm32.7-2018-q2-update.win32_1.0.0.201904181610/tools/bin/../lib/gcc/arm-none-eabi/7.3.1/../../../../arm-none-eabi/lib/thumb/v6-m\libstdc++_nano.a(new_op.o)
                              Core/Src/LED_StateMachine.o (operator new(unsigned int))
c:/st/stm32cubeide_1.1.0/stm32cubeide/plugins/com.st.stm32cube.ide.mcu.externaltools.gnu-tools-for-stm32.7-2018-q2-update.win32_1.0.0.201904181610/tools/bin/../lib/gcc/arm-none-eabi/7.3.1/../../../../arm-none-eabi/lib/thumb/v6-m\libstdc++_nano.a(new_handler.o)
                              c:/st/stm32cubeide_1.1.0/stm32cubeide/plugins/com.st.stm32cube.ide.mcu.externaltools.gnu-tools-for-stm32.7-2018-q2-update.win32_1.0.0.201904181610/tools/bin/../lib/gcc/arm-none-eabi/7.3.1/../../../../arm-none-eabi/lib/thumb/v6-m\libstdc++_nano.a(new_op.o) (std::get_new_handler())
c:/st/stm32cubeide_1.1.0/stm32cubeide/plugins/com.st.stm32cube.ide.mcu.externaltools.gnu-tools-for-stm32.7-2018-q2-update.win32_1.0.0.201904181610/tools/bin/../lib/gcc/arm-none-eabi/7.3.1/../../../../arm-none-eabi/lib/thumb/v6-m\libc_nano.a(lib_a-abort.o)
                              c:/st/stm32cubeide_1.1.0/stm32cubeide/plugins/com.st.stm32cube.ide.mcu.externaltools.gnu-tools-for-stm32.7-2018-q2-update.win32_1.0.0.201904181610/tools/bin/../lib/gcc/arm-none-eabi/7.3.1/../../../../arm-none-eabi/lib/thumb/v6-m\libstdc++_nano.a(new_op.o) (abort)
c:/st/stm32cubeide_1.1.0/stm32cubeide/plugins/com.st.stm32cube.ide.mcu.externaltools.gnu-tools-for-stm32.7-2018-q2-update.win32_1.0.0.201904181610/tools/bin/../lib/gcc/arm-none-eabi/7.3.1/../../../../arm-none-eabi/lib/thumb/v6-m\libc_nano.a(lib_a-errno.o)
                              Core/Src/syscalls.o (__errno)
c:/st/stm32cubeide_1.1.0/stm32cubeide/plugins/com.st.stm32cube.ide.mcu.externaltools.gnu-tools-for-stm32.7-2018-q2-update.win32_1.0.0.201904181610/tools/bin/../lib/gcc/arm-none-eabi/7.3.1/../../../../arm-none-eabi/lib/thumb/v6-m\libc_nano.a(lib_a-exit.o)
                              c:/st/stm32cubeide_1.1.0/stm32cubeide/plugins/com.st.stm32cube.ide.mcu.externaltools.gnu-tools-for-stm32.7-2018-q2-update.win32_1.0.0.201904181610/tools/bin/../lib/gcc/arm-none-eabi/7.3.1/../../../../arm-none-eabi/lib/thumb/v6-m/crt0.o (exit)
c:/st/stm32cubeide_1.1.0/stm32cubeide/plugins/com.st.stm32cube.ide.mcu.externaltools.gnu-tools-for-stm32.7-2018-q2-update.win32_1.0.0.201904181610/tools/bin/../lib/gcc/arm-none-eabi/7.3.1/../../../../arm-none-eabi/lib/thumb/v6-m\libc_nano.a(lib_a-impure.o)
                              c:/st/stm32cubeide_1.1.0/stm32cubeide/plugins/com.st.stm32cube.ide.mcu.externaltools.gnu-tools-for-stm32.7-2018-q2-update.win32_1.0.0.201904181610/tools/bin/../lib/gcc/arm-none-eabi/7.3.1/../../../../arm-none-eabi/lib/thumb/v6-m\libc_nano.a(lib_a-exit.o) (_global_impure_ptr)
c:/st/stm32cubeide_1.1.0/stm32cubeide/plugins/com.st.stm32cube.ide.mcu.externaltools.gnu-tools-for-stm32.7-2018-q2-update.win32_1.0.0.201904181610/tools/bin/../lib/gcc/arm-none-eabi/7.3.1/../../../../arm-none-eabi/lib/thumb/v6-m\libc_nano.a(lib_a-init.o)
                              c:/st/stm32cubeide_1.1.0/stm32cubeide/plugins/com.st.stm32cube.ide.mcu.externaltools.gnu-tools-for-stm32.7-2018-q2-update.win32_1.0.0.201904181610/tools/bin/../lib/gcc/arm-none-eabi/7.3.1/../../../../arm-none-eabi/lib/thumb/v6-m/crt0.o (__libc_init_array)
c:/st/stm32cubeide_1.1.0/stm32cubeide/plugins/com.st.stm32cube.ide.mcu.externaltools.gnu-tools-for-stm32.7-2018-q2-update.win32_1.0.0.201904181610/tools/bin/../lib/gcc/arm-none-eabi/7.3.1/../../../../arm-none-eabi/lib/thumb/v6-m\libc_nano.a(lib_a-malloc.o)
                              c:/st/stm32cubeide_1.1.0/stm32cubeide/plugins/com.st.stm32cube.ide.mcu.externaltools.gnu-tools-for-stm32.7-2018-q2-update.win32_1.0.0.201904181610/tools/bin/../lib/gcc/arm-none-eabi/7.3.1/../../../../arm-none-eabi/lib/thumb/v6-m\libstdc++_nano.a(new_op.o) (malloc)
c:/st/stm32cubeide_1.1.0/stm32cubeide/plugins/com.st.stm32cube.ide.mcu.externaltools.gnu-tools-for-stm32.7-2018-q2-update.win32_1.0.0.201904181610/tools/bin/../lib/gcc/arm-none-eabi/7.3.1/../../../../arm-none-eabi/lib/thumb/v6-m\libc_nano.a(lib_a-memset.o)
                              c:/st/stm32cubeide_1.1.0/stm32cubeide/plugins/com.st.stm32cube.ide.mcu.externaltools.gnu-tools-for-stm32.7-2018-q2-update.win32_1.0.0.201904181610/tools/bin/../lib/gcc/arm-none-eabi/7.3.1/../../../../arm-none-eabi/lib/thumb/v6-m/crt0.o (memset)
c:/st/stm32cubeide_1.1.0/stm32cubeide/plugins/com.st.stm32cube.ide.mcu.externaltools.gnu-tools-for-stm32.7-2018-q2-update.win32_1.0.0.201904181610/tools/bin/../lib/gcc/arm-none-eabi/7.3.1/../../../../arm-none-eabi/lib/thumb/v6-m\libc_nano.a(lib_a-nano-freer.o)
[...]
Memory Configuration

Name             Origin             Length             Attributes
RAM              0x0000000020000000 0x0000000000002000 xrw
FLASH            0x0000000008000000 0x0000000000010000 xr
*default*        0x0000000000000000 0xffffffffffffffff

Linker script and memory map

LOAD c:/st/stm32cubeide_1.1.0/stm32cubeide/plugins/com.st.stm32cube.ide.mcu.externaltools.gnu-tools-for-stm32.7-2018-q2-update.win32_1.0.0.201904181610/tools/bin/../lib/gcc/arm-none-eabi/7.3.1/thumb/v6-m/crti.o
LOAD c:/st/stm32cubeide_1.1.0/stm32cubeide/plugins/com.st.stm32cube.ide.mcu.externaltools.gnu-tools-for-stm32.7-2018-q2-update.win32_1.0.0.201904181610/tools/bin/../lib/gcc/arm-none-eabi/7.3.1/thumb/v6-m/crtbegin.o
LOAD c:/st/stm32cubeide_1.1.0/stm32cubeide/plugins/com.st.stm32cube.ide.mcu.externaltools.gnu-tools-for-stm32.7-2018-q2-update.win32_1.0.0.201904181610/tools/bin/../lib/gcc/arm-none-eabi/7.3.1/../../../../arm-none-eabi/lib/thumb/v6-m/crt0.o
LOAD Core/Src/FAN_PWM.o
LOAD Core/Src/LED_NRF24L01.o
LOAD Core/Src/LED_PWM.o
LOAD Core/Src/LED_StateMachine.o
LOAD Core/Src/LED_Thermomodel.o
LOAD Core/Src/NTC.o
LOAD Core/Src/USART_Handler.o
LOAD Core/Src/main.o
LOAD Core/Src/stm32_nrf24l01.o
LOAD Core/Src/stm32_nrf24l01_hal.o
LOAD Core/Src/stm32f0xx_hal_msp.o
LOAD Core/Src/stm32f0xx_it.o
LOAD Core/Src/syscalls.o
LOAD Core/Src/sysmem.o
LOAD Core/Src/system_stm32f0xx.o
LOAD Core/Startup/startup_stm32f030c8tx.o
LOAD Drivers/STM32F0xx_HAL_Driver/Src/stm32f0xx_hal.o
LOAD Drivers/STM32F0xx_HAL_Driver/Src/stm32f0xx_hal_adc.o
LOAD Drivers/STM32F0xx_HAL_Driver/Src/stm32f0xx_hal_adc_ex.o
LOAD Drivers/STM32F0xx_HAL_Driver/Src/stm32f0xx_hal_cortex.o
LOAD Drivers/STM32F0xx_HAL_Driver/Src/stm32f0xx_hal_dma.o
LOAD Drivers/STM32F0xx_HAL_Driver/Src/stm32f0xx_hal_exti.o
LOAD Drivers/STM32F0xx_HAL_Driver/Src/stm32f0xx_hal_flash.o
LOAD Drivers/STM32F0xx_HAL_Driver/Src/stm32f0xx_hal_flash_ex.o
LOAD Drivers/STM32F0xx_HAL_Driver/Src/stm32f0xx_hal_gpio.o
LOAD Drivers/STM32F0xx_HAL_Driver/Src/stm32f0xx_hal_i2c.o
LOAD Drivers/STM32F0xx_HAL_Driver/Src/stm32f0xx_hal_i2c_ex.o
LOAD Drivers/STM32F0xx_HAL_Driver/Src/stm32f0xx_hal_pwr.o
LOAD Drivers/STM32F0xx_HAL_Driver/Src/stm32f0xx_hal_pwr_ex.o
LOAD Drivers/STM32F0xx_HAL_Driver/Src/stm32f0xx_hal_rcc.o
LOAD Drivers/STM32F0xx_HAL_Driver/Src/stm32f0xx_hal_rcc_ex.o
LOAD Drivers/STM32F0xx_HAL_Driver/Src/stm32f0xx_hal_spi.o
LOAD Drivers/STM32F0xx_HAL_Driver/Src/stm32f0xx_hal_spi_ex.o
LOAD Drivers/STM32F0xx_HAL_Driver/Src/stm32f0xx_hal_tim.o
LOAD Drivers/STM32F0xx_HAL_Driver/Src/stm32f0xx_hal_tim_ex.o
LOAD Drivers/STM32F0xx_HAL_Driver/Src/stm32f0xx_hal_uart.o
LOAD Drivers/STM32F0xx_HAL_Driver/Src/stm32f0xx_hal_uart_ex.o
START GROUP
LOAD c:/st/stm32cubeide_1.1.0/stm32cubeide/plugins/com.st.stm32cube.ide.mcu.externaltools.gnu-tools-for-stm32.7-2018-q2-update.win32_1.0.0.201904181610/tools/bin/../lib/gcc/arm-none-eabi/7.3.1/../../../../arm-none-eabi/lib/thumb/v6-m\libstdc++_nano.a
LOAD c:/st/stm32cubeide_1.1.0/stm32cubeide/plugins/com.st.stm32cube.ide.mcu.externaltools.gnu-tools-for-stm32.7-2018-q2-update.win32_1.0.0.201904181610/tools/bin/../lib/gcc/arm-none-eabi/7.3.1/../../../../arm-none-eabi/lib/thumb/v6-m\libsupc++_nano.a
END GROUP
LOAD c:/st/stm32cubeide_1.1.0/stm32cubeide/plugins/com.st.stm32cube.ide.mcu.externaltools.gnu-tools-for-stm32.7-2018-q2-update.win32_1.0.0.201904181610/tools/bin/../lib/gcc/arm-none-eabi/7.3.1/../../../../arm-none-eabi/lib/thumb/v6-m\libstdc++_nano.a
LOAD c:/st/stm32cubeide_1.1.0/stm32cubeide/plugins/com.st.stm32cube.ide.mcu.externaltools.gnu-tools-for-stm32.7-2018-q2-update.win32_1.0.0.201904181610/tools/bin/../lib/gcc/arm-none-eabi/7.3.1/../../../../arm-none-eabi/lib/thumb/v6-m\libm.a
LOAD c:/st/stm32cubeide_1.1.0/stm32cubeide/plugins/com.st.stm32cube.ide.mcu.externaltools.gnu-tools-for-stm32.7-2018-q2-update.win32_1.0.0.201904181610/tools/bin/../lib/gcc/arm-none-eabi/7.3.1/../../../../arm-none-eabi/lib/thumb/v6-m\libc_nano.a
START GROUP
LOAD c:/st/stm32cubeide_1.1.0/stm32cubeide/plugins/com.st.stm32cube.ide.mcu.externaltools.gnu-tools-for-stm32.7-2018-q2-update.win32_1.0.0.201904181610/tools/bin/../lib/gcc/arm-none-eabi/7.3.1/thumb/v6-m\libgcc.a
LOAD c:/st/stm32cubeide_1.1.0/stm32cubeide/plugins/com.st.stm32cube.ide.mcu.externaltools.gnu-tools-for-stm32.7-2018-q2-update.win32_1.0.0.201904181610/tools/bin/../lib/gcc/arm-none-eabi/7.3.1/../../../../arm-none-eabi/lib/thumb/v6-m\libc_nano.a
END GROUP
START GROUP
LOAD c:/st/stm32cubeide_1.1.0/stm32cubeide/plugins/com.st.stm32cube.ide.mcu.externaltools.gnu-tools-for-stm32.7-2018-q2-update.win32_1.0.0.201904181610/tools/bin/../lib/gcc/arm-none-eabi/7.3.1/thumb/v6-m\libgcc.a
LOAD c:/st/stm32cubeide_1.1.0/stm32cubeide/plugins/com.st.stm32cube.ide.mcu.externaltools.gnu-tools-for-stm32.7-2018-q2-update.win32_1.0.0.201904181610/tools/bin/../lib/gcc/arm-none-eabi/7.3.1/../../../../arm-none-eabi/lib/thumb/v6-m\libc_nano.a
LOAD c:/st/stm32cubeide_1.1.0/stm32cubeide/plugins/com.st.stm32cube.ide.mcu.externaltools.gnu-tools-for-stm32.7-2018-q2-update.win32_1.0.0.201904181610/tools/bin/../lib/gcc/arm-none-eabi/7.3.1/../../../../arm-none-eabi/lib/thumb/v6-m\libnosys.a
END GROUP
START GROUP
LOAD c:/st/stm32cubeide_1.1.0/stm32cubeide/plugins/com.st.stm32cube.ide.mcu.externaltools.gnu-tools-for-stm32.7-2018-q2-update.win32_1.0.0.201904181610/tools/bin/../lib/gcc/arm-none-eabi/7.3.1/thumb/v6-m\libgcc.a
LOAD c:/st/stm32cubeide_1.1.0/stm32cubeide/plugins/com.st.stm32cube.ide.mcu.externaltools.gnu-tools-for-stm32.7-2018-q2-update.win32_1.0.0.201904181610/tools/bin/../lib/gcc/arm-none-eabi/7.3.1/../../../../arm-none-eabi/lib/thumb/v6-m\libc_nano.a
LOAD c:/st/stm32cubeide_1.1.0/stm32cubeide/plugins/com.st.stm32cube.ide.mcu.externaltools.gnu-tools-for-stm32.7-2018-q2-update.win32_1.0.0.201904181610/tools/bin/../lib/gcc/arm-none-eabi/7.3.1/../../../../arm-none-eabi/lib/thumb/v6-m\libnosys.a
END GROUP
LOAD c:/st/stm32cubeide_1.1.0/stm32cubeide/plugins/com.st.stm32cube.ide.mcu.externaltools.gnu-tools-for-stm32.7-2018-q2-update.win32_1.0.0.201904181610/tools/bin/../lib/gcc/arm-none-eabi/7.3.1/thumb/v6-m/crtend.o
LOAD c:/st/stm32cubeide_1.1.0/stm32cubeide/plugins/com.st.stm32cube.ide.mcu.externaltools.gnu-tools-for-stm32.7-2018-q2-update.win32_1.0.0.201904181610/tools/bin/../lib/gcc/arm-none-eabi/7.3.1/thumb/v6-m/crtn.o
                0x0000000020002000                _estack = (ORIGIN (RAM) + LENGTH (RAM))
                0x0000000000000200                _Min_Heap_Size = 0x200
                0x0000000000000400                _Min_Stack_Size = 0x400

.isr_vector     0x0000000008000000       0xc0
                0x0000000008000000                . = ALIGN (0x4)
 *(.isr_vector)
 .isr_vector    0x0000000008000000       0xc0 Core/Startup/startup_stm32f030c8tx.o
                0x0000000008000000                g_pfnVectors
                0x00000000080000c0                . = ALIGN (0x4)

.text           0x00000000080000c0     0x8e74
                0x00000000080000c0                . = ALIGN (0x4)
 *(.text)
 .text          0x00000000080000c0       0x48 c:/st/stm32cubeide_1.1.0/stm32cubeide/plugins/com.st.stm32cube.ide.mcu.externaltools.gnu-tools-for-stm32.7-2018-q2-update.win32_1.0.0.201904181610/tools/bin/../lib/gcc/arm-none-eabi/7.3.1/thumb/v6-m/crtbegin.o
 .text          0x0000000008000108      0x114 c:/st/stm32cubeide_1.1.0/stm32cubeide/plugins/com.st.stm32cube.ide.mcu.externaltools.gnu-tools-for-stm32.7-2018-q2-update.win32_1.0.0.201904181610/tools/bin/../lib/gcc/arm-none-eabi/7.3.1/thumb/v6-m\libgcc.a(_udivsi3.o)
                0x0000000008000108                __aeabi_uidiv
                0x0000000008000108                __udivsi3
                0x0000000008000214                __aeabi_uidivmod
 .text          0x000000000800021c      0x1d4 c:/st/stm32cubeide_1.1.0/stm32cubeide/plugins/com.st.stm32cube.ide.mcu.externaltools.gnu-tools-for-stm32.7-2018-q2-update.win32_1.0.0.201904181610/tools/bin/../lib/gcc/arm-none-eabi/7.3.1/thumb/v6-m\libgcc.a(_divsi3.o)
                0x000000000800021c                __divsi3
                0x000000000800021c                __aeabi_idiv
                0x00000000080003e8                __aeabi_idivmod
 .text          0x00000000080003f0        0x4 c:/st/stm32cubeide_1.1.0/stm32cubeide/plugins/com.st.stm32cube.ide.mcu.externaltools.gnu-tools-for-stm32.7-2018-q2-update.win32_1.0.0.201904181610/tools/bin/../lib/gcc/arm-none-eabi/7.3.1/thumb/v6-m\libgcc.a(_dvmd_tls.o)
                0x00000000080003f0                __aeabi_idiv0
                0x00000000080003f0                __aeabi_ldiv0
 .text          0x00000000080003f4       0x74 c:/st/stm32cubeide_1.1.0/stm32cubeide/plugins/com.st.stm32cube.ide.mcu.externaltools.gnu-tools-for-stm32.7-2018-q2-update.win32_1.0.0.201904181610/tools/bin/../lib/gcc/arm-none-eabi/7.3.1/thumb/v6-m\libgcc.a(_arm_cmpsf2.o)
                0x00000000080003f4                __aeabi_cfrcmple
                0x00000000080003fc                __aeabi_cfcmpeq
                0x00000000080003fc                __aeabi_cfcmple
                0x000000000800040c                __aeabi_fcmpeq
                0x0000000008000418                __aeabi_fcmplt
                0x000000000800042c                __aeabi_fcmple
                0x0000000008000440                __aeabi_fcmpgt
                0x0000000008000454                __aeabi_fcmpge
 .text          0x0000000008000468       0x3c c:/st/stm32cubeide_1.1.0/stm32cubeide/plugins/com.st.stm32cube.ide.mcu.externaltools.gnu-tools-for-stm32.7-2018-q2-update.win32_1.0.0.201904181610/tools/bin/../lib/gcc/arm-none-eabi/7.3.1/thumb/v6-m\libgcc.a(_fixunsdfsi.o)
                0x0000000008000468                __aeabi_d2uiz
                0x0000000008000468                __fixunsdfsi
 .text          0x00000000080004a4       0x50 c:/st/stm32cubeide_1.1.0/stm32cubeide/plugins/com.st.stm32cube.ide.mcu.externaltools.gnu-tools-for-stm32.7-2018-q2-update.win32_1.0.0.201904181610/tools/bin/../lib/gcc/arm-none-eabi/7.3.1/thumb/v6-m\libgcc.a(eqsf2.o)
                0x00000000080004a4                __eqsf2
                0x00000000080004a4                __nesf2
 .text          0x00000000080004f4       0x9c c:/st/stm32cubeide_1.1.0/stm32cubeide/plugins/com.st.stm32cube.ide.mcu.externaltools.gnu-tools-for-stm32.7-2018-q2-update.win32_1.0.0.201904181610/tools/bin/../lib/gcc/arm-none-eabi/7.3.1/thumb/v6-m\libgcc.a(gesf2.o)
                0x00000000080004f4                __gesf2
                0x00000000080004f4                __gtsf2
 .text          0x0000000008000590       0xa0 c:/st/stm32cubeide_1.1.0/stm32cubeide/plugins/com.st.stm32cube.ide.mcu.externaltools.gnu-tools-for-stm32.7-2018-q2-update.win32_1.0.0.201904181610/tools/bin/../lib/gcc/arm-none-eabi/7.3.1/thumb/v6-m\libgcc.a(lesf2.o)
                0x0000000008000590                __ltsf2
                0x0000000008000590                __lesf2
 .text          0x0000000008000630      0x388 c:/st/stm32cubeide_1.1.0/stm32cubeide/plugins/com.st.stm32cube.ide.mcu.externaltools.gnu-tools-for-stm32.7-2018-q2-update.win32_1.0.0.201904181610/tools/bin/../lib/gcc/arm-none-eabi/7.3.1/thumb/v6-m\libgcc.a(subsf3.o)
                0x0000000008000630                __aeabi_fsub
 .text          0x00000000080009b8       0x94 c:/st/stm32cubeide_1.1.0/stm32cubeide/plugins/com.st.stm32cube.ide.mcu.externaltools.gnu-tools-for-stm32.7-2018-q2-update.win32_1.0.0.201904181610/tools/bin/../lib/gcc/arm-none-eabi/7.3.1/thumb/v6-m\libgcc.a(floatsisf.o)
                0x00000000080009b8                __aeabi_i2f
 .text          0x0000000008000a4c       0x80 c:/st/stm32cubeide_1.1.0/stm32cubeide/plugins/com.st.stm32cube.ide.mcu.externaltools.gnu-tools-for-stm32.7-2018-q2-update.win32_1.0.0.201904181610/tools/bin/../lib/gcc/arm-none-eabi/7.3.1/thumb/v6-m\libgcc.a(floatunsisf.o)
                0x0000000008000a4c                __aeabi_ui2f
 .text          0x0000000008000acc      0x638 c:/st/stm32cubeide_1.1.0/stm32cubeide/plugins/com.st.stm32cube.ide.mcu.externaltools.gnu-tools-for-stm32.7-2018-q2-update.win32_1.0.0.201904181610/tools/bin/../lib/gcc/arm-none-eabi/7.3.1/thumb/v6-m\libgcc.a(adddf3.o)
                0x0000000008000acc                __aeabi_dadd
 .text          0x0000000008001104      0x604 c:/st/stm32cubeide_1.1.0/stm32cubeide/plugins/com.st.stm32cube.ide.mcu.externaltools.gnu-tools-for-stm32.7-2018-q2-update.win32_1.0.0.201904181610/tools/bin/../lib/gcc/arm-none-eabi/7.3.1/thumb/v6-m\libgcc.a(divdf3.o)
                0x0000000008001104                __aeabi_ddiv
 .text          0x0000000008001708      0x4e4 c:/st/stm32cubeide_1.1.0/stm32cubeide/plugins/com.st.stm32cube.ide.mcu.externaltools.gnu-tools-for-stm32.7-2018-q2-update.win32_1.0.0.201904181610/tools/bin/../lib/gcc/arm-none-eabi/7.3.1/thumb/v6-m\libgcc.a(muldf3.o)
                0x0000000008001708                __aeabi_dmul
 .text          0x0000000008001bec      0x690 c:/st/stm32cubeide_1.1.0/stm32cubeide/plugins/com.st.stm32cube.ide.mcu.externaltools.gnu-tools-for-stm32.7-2018-q2-update.win32_1.0.0.201904181610/tools/bin/../lib/gcc/arm-none-eabi/7.3.1/thumb/v6-m\libgcc.a(subdf3.o)
                0x0000000008001bec                __aeabi_dsub
 .text          0x000000000800227c       0x6c c:/st/stm32cubeide_1.1.0/stm32cubeide/plugins/com.st.stm32cube.ide.mcu.externaltools.gnu-tools-for-stm32.7-2018-q2-update.win32_1.0.0.201904181610/tools/bin/../lib/gcc/arm-none-eabi/7.3.1/thumb/v6-m\libgcc.a(fixdfsi.o)
                0x000000000800227c                __aeabi_d2iz
 .text          0x00000000080022e8       0xa4 c:/st/stm32cubeide_1.1.0/stm32cubeide/plugins/com.st.stm32cube.ide.mcu.externaltools.gnu-tools-for-stm32.7-2018-q2-update.win32_1.0.0.201904181610/tools/bin/../lib/gcc/arm-none-eabi/7.3.1/thumb/v6-m\libgcc.a(extendsfdf2.o)
                0x00000000080022e8                __aeabi_f2d
 .text          0x000000000800238c      0x108 c:/st/stm32cubeide_1.1.0/stm32cubeide/plugins/com.st.stm32cube.ide.mcu.externaltools.gnu-tools-for-stm32.7-2018-q2-update.win32_1.0.0.201904181610/tools/bin/../lib/gcc/arm-none-eabi/7.3.1/thumb/v6-m\libgcc.a(truncdfsf2.o)
                0x000000000800238c                __aeabi_d2f
 .text          0x0000000008002494       0x7c c:/st/stm32cubeide_1.1.0/stm32cubeide/plugins/com.st.stm32cube.ide.mcu.externaltools.gnu-tools-for-stm32.7-2018-q2-update.win32_1.0.0.201904181610/tools/bin/../lib/gcc/arm-none-eabi/7.3.1/thumb/v6-m\libgcc.a(_arm_cmpdf2.o)
                0x0000000008002494                __aeabi_cdrcmple
                0x00000000080024a4                __aeabi_cdcmple
                0x00000000080024a4                __aeabi_cdcmpeq
                0x00000000080024b4                __aeabi_dcmpeq
                0x00000000080024c0                __aeabi_dcmplt
                0x00000000080024d4                __aeabi_dcmple
                0x00000000080024e8                __aeabi_dcmpgt
                0x00000000080024fc                __aeabi_dcmpge
 .text          0x0000000008002510       0x3c c:/st/stm32cubeide_1.1.0/stm32cubeide/plugins/com.st.stm32cube.ide.mcu.externaltools.gnu-tools-for-stm32.7-2018-q2-update.win32_1.0.0.201904181610/tools/bin/../lib/gcc/arm-none-eabi/7.3.1/thumb/v6-m\libgcc.a(_clzsi2.o)
                0x0000000008002510                __clzsi2
 .text          0x000000000800254c       0x78 c:/st/stm32cubeide_1.1.0/stm32cubeide/plugins/com.st.stm32cube.ide.mcu.externaltools.gnu-tools-for-stm32.7-2018-q2-update.win32_1.0.0.201904181610/tools/bin/../lib/gcc/arm-none-eabi/7.3.1/thumb/v6-m\libgcc.a(eqdf2.o)
                0x000000000800254c                __nedf2
                0x000000000800254c                __eqdf2
 .text          0x00000000080025c4       0xc8 c:/st/stm32cubeide_1.1.0/stm32cubeide/plugins/com.st.stm32cube.ide.mcu.externaltools.gnu-tools-for-stm32.7-2018-q2-update.win32_1.0.0.201904181610/tools/bin/../lib/gcc/arm-none-eabi/7.3.1/thumb/v6-m\libgcc.a(gedf2.o)
                0x00000000080025c4                __gedf2
                0x00000000080025c4                __gtdf2
 .text          0x000000000800268c       0xd0 c:/st/stm32cubeide_1.1.0/stm32cubeide/plugins/com.st.stm32cube.ide.mcu.externaltools.gnu-tools-for-stm32.7-2018-q2-update.win32_1.0.0.201904181610/tools/bin/../lib/gcc/arm-none-eabi/7.3.1/thumb/v6-m\libgcc.a(ledf2.o)
                0x000000000800268c                __ledf2
                0x000000000800268c                __ltdf2
 *(.text*)
 .text._Z12FAN_PWM_Initv
                0x000000000800275c       0x80 Core/Src/FAN_PWM.o
                0x000000000800275c                FAN_PWM_Init()
 .text._Z20FAN_PWM_SetDutyCyclet
                0x00000000080027dc       0x58 Core/Src/FAN_PWM.o
                0x00000000080027dc                FAN_PWM_SetDutyCycle(unsigned short)
 .text._Z17LED_NRF24L01_Initv
                0x0000000008002834       0xc4 Core/Src/LED_NRF24L01.o
                0x0000000008002834                LED_NRF24L01_Init()
 .text.HAL_GPIO_EXTI_Callback
                0x00000000080028f8       0x20 Core/Src/LED_NRF24L01.o
                0x00000000080028f8                HAL_GPIO_EXTI_Callback
 .text._Z16LED_NRF24L01_IRQv
                0x0000000008002918       0xe4 Core/Src/LED_NRF24L01.o
                0x0000000008002918                LED_NRF24L01_IRQ()
 .text._Z16Exec_PingRequest20NRF24L01_PingRequest
                0x00000000080029fc      0x12c Core/Src/LED_NRF24L01.o
                0x00000000080029fc                Exec_PingRequest(NRF24L01_PingRequest)
 .text._Z13Exec_SetGroup17NRF24L01_SetGroup
                0x0000000008002b28       0x3c Core/Src/LED_NRF24L01.o
                0x0000000008002b28                Exec_SetGroup(NRF24L01_SetGroup)
 .text._Z16Exec_SetTimebase20NRF24L01_SetTimebase
                0x0000000008002b64       0x2c Core/Src/LED_NRF24L01.o
                0x0000000008002b64                Exec_SetTimebase(NRF24L01_SetTimebase)
 .text._Z11Exec_SetRGB15NRF24L01_SetRGB
                0x0000000008002b90       0x40 Core/Src/LED_NRF24L01.o
                0x0000000008002b90                Exec_SetRGB(NRF24L01_SetRGB)
 .text._Z12Exec_SetRGBW16NRF24L01_SetRGBW
                0x0000000008002bd0       0x44 Core/Src/LED_NRF24L01.o
                0x0000000008002bd0                Exec_SetRGBW(NRF24L01_SetRGBW)
 .text._Z11Exec_SetHSV15NRF24L01_SetHSV
                0x0000000008002c14       0x40 Core/Src/LED_NRF24L01.o
                0x0000000008002c14                Exec_SetHSV(NRF24L01_SetHSV)
 .text._Z14Exec_StrobeRGB18NRF24L01_StrobeRGB
                0x0000000008002c54       0x4c Core/Src/LED_NRF24L01.o
                0x0000000008002c54                Exec_StrobeRGB(NRF24L01_StrobeRGB)
 .text._Z15Exec_StrobeRGBW19NRF24L01_StrobeRGBW
                0x0000000008002ca0       0x54 Core/Src/LED_NRF24L01.o
                0x0000000008002ca0                Exec_StrobeRGBW(NRF24L01_StrobeRGBW)
 .text._Z14Exec_StrobeHSV18NRF24L01_StrobeHSV
                0x0000000008002cf4       0x4c Core/Src/LED_NRF24L01.o
                0x0000000008002cf4                Exec_StrobeHSV(NRF24L01_StrobeHSV)
 .text._Z12Exec_FadeHue16NRF24L01_FadeHue
                0x0000000008002d40       0x4c Core/Src/LED_NRF24L01.o
                0x0000000008002d40                Exec_FadeHue(NRF24L01_FadeHue)
 .text._Z19Exec_FadeSaturation23NRF24L01_FadeSaturation
                0x0000000008002d8c       0x4c Core/Src/LED_NRF24L01.o
                0x0000000008002d8c                Exec_FadeSaturation(NRF24L01_FadeSaturation)
 .text._Z19Exec_GetTempertaure23NRF24L01_GetTemperature
                0x0000000008002dd8       0x94 Core/Src/LED_NRF24L01.o
                0x0000000008002dd8                Exec_GetTempertaure(NRF24L01_GetTemperature)
 .text._Z12LED_PWM_Initv
                0x0000000008002e6c       0x78 Core/Src/LED_PWM.o
                0x0000000008002e6c                LED_PWM_Init()
 .text._Z15LED_PWM_SetRGBWtttt
                0x0000000008002ee4       0x98 Core/Src/LED_PWM.o
                0x0000000008002ee4                LED_PWM_SetRGBW(unsigned short, unsigned short, unsigned short, unsigned short)
 .text._Z18LED_PWM_SetPWM_TIMmmt
                0x0000000008002f7c      0x160 Core/Src/LED_PWM.o
                0x0000000008002f7c                LED_PWM_SetPWM_TIM(unsigned long, unsigned long, unsigned short)
 .text._Z16LED_PWM_SetBoosth
                0x00000000080030dc       0x30 Core/Src/LED_PWM.o
                0x00000000080030dc                LED_PWM_SetBoost(unsigned char)
 .text._Z18LED_PWM_CheckBoostv
                0x000000000800310c       0xf8 Core/Src/LED_PWM.o
                0x000000000800310c                LED_PWM_CheckBoost()
 .text._Z10MapRoundedttttt
                0x0000000008003204       0x72 Core/Src/LED_PWM.o
                0x0000000008003204                MapRounded(unsigned short, unsigned short, unsigned short, unsigned short, unsigned short)
 .text._ZN13USART_Handler7PrintlnEPKc
                0x0000000008003276       0x1e Core/Src/LED_StateMachine.o
                0x0000000008003276                USART_Handler::Println(char const*)
 .text._Z21LED_StateMachine_Initv
                0x0000000008003294       0xc4 Core/Src/LED_StateMachine.o
                0x0000000008003294                LED_StateMachine_Init()
 .text._Z23LED_StateMachine_Handlev
                0x0000000008003358      0x304 Core/Src/LED_StateMachine.o
                0x0000000008003358                LED_StateMachine_Handle()
 .text._Z11LED_CopyRGBttt
                0x000000000800365c       0x4c Core/Src/LED_StateMachine.o
                0x000000000800365c                LED_CopyRGB(unsigned short, unsigned short, unsigned short)
 .text._Z11LED_CopyRGWtttt
                0x00000000080036a8       0x70 Core/Src/LED_StateMachine.o
                0x00000000080036a8                LED_CopyRGW(unsigned short, unsigned short, unsigned short, unsigned short)
 .text._Z11LED_CopyHSVttt
                0x0000000008003718       0x4c Core/Src/LED_StateMachine.o
                0x0000000008003718                LED_CopyHSV(unsigned short, unsigned short, unsigned short)
 .text._Z14LED_SetModeRGBttt
                0x0000000008003764       0x58 Core/Src/LED_StateMachine.o
                0x0000000008003764                LED_SetModeRGB(unsigned short, unsigned short, unsigned short)
 .text._Z15LED_SetModeRGBWtttt
                0x00000000080037bc       0x64 Core/Src/LED_StateMachine.o
                0x00000000080037bc                LED_SetModeRGBW(unsigned short, unsigned short, unsigned short, unsigned short)
 .text._Z14LED_SetModeHSVttt
                0x0000000008003820       0x94 Core/Src/LED_StateMachine.o
                0x0000000008003820                LED_SetModeHSV(unsigned short, unsigned short, unsigned short)
 .text._Z20LED_SetModeStrobeRGBhhttt
                0x00000000080038b4       0x88 Core/Src/LED_StateMachine.o
                0x00000000080038b4                LED_SetModeStrobeRGB(unsigned char, unsigned char, unsigned short, unsigned short, unsigned short)
 .text._Z21LED_SetModeStrobeRGBWhhtttt
                0x000000000800393c       0x8c Core/Src/LED_StateMachine.o
                0x000000000800393c                LED_SetModeStrobeRGBW(unsigned char, unsigned char, unsigned short, unsigned short, unsigned short, unsigned short)
 .text._Z20LED_SetModeStrobeHSVhhttt
                0x00000000080039c8       0xc4 Core/Src/LED_StateMachine.o
                0x00000000080039c8                LED_SetModeStrobeHSV(unsigned char, unsigned char, unsigned short, unsigned short, unsigned short)
 .text._Z18LED_SetModeFadeHuettttt
                0x0000000008003a8c       0x90 Core/Src/LED_StateMachine.o
                0x0000000008003a8c                LED_SetModeFadeHue(unsigned short, unsigned short, unsigned short, unsigned short, unsigned short)
 .text._Z25LED_SetModeFadeSaturationttttt
                0x0000000008003b1c       0x90 Core/Src/LED_StateMachine.o
                0x0000000008003b1c                LED_SetModeFadeSaturation(unsigned short, unsigned short, unsigned short, unsigned short, unsigned short)
 .text._Z6SetHSVttt
                0x0000000008003bac      0x268 Core/Src/LED_StateMachine.o
                0x0000000008003bac                SetHSV(unsigned short, unsigned short, unsigned short)
 .text._Z20LED_Thermomodel_Initv
                0x0000000008003e14       0x44 Core/Src/LED_Thermomodel.o
                0x0000000008003e14                LED_Thermomodel_Init()
 .text._Z22LED_Thermomodel_Handlev
                0x0000000008003e58      0x14c Core/Src/LED_Thermomodel.o
                0x0000000008003e58                LED_Thermomodel_Handle()
 .text._Z23LED_Thermomodel_GetTempv
                0x0000000008003fa4       0x14 Core/Src/LED_Thermomodel.o
                0x0000000008003fa4                LED_Thermomodel_GetTemp()
 .text._Z8NTC_Initv
                0x0000000008003fb8       0x1c Core/Src/NTC.o
                0x0000000008003fb8                NTC_Init()
 .text._Z12NTC_Get_Tempv
                0x0000000008003fd4      0x16c Core/Src/NTC.o
                0x0000000008003fd4                NTC_Get_Temp()
 .text._ZN13USART_HandlerC2ER20__UART_HandleTypeDef
                0x0000000008004140       0x3a Core/Src/USART_Handler.o
                0x0000000008004140                USART_Handler::USART_Handler(__UART_HandleTypeDef&)
                0x0000000008004140                USART_Handler::USART_Handler(__UART_HandleTypeDef&)
 .text._ZN13USART_Handler7PrintlnEPc
                0x000000000800417a       0x90 Core/Src/USART_Handler.o
                0x000000000800417a                USART_Handler::Println(char*)
 .text._ZN13USART_Handler4BusyEv
                0x000000000800420a       0x42 Core/Src/USART_Handler.o
                0x000000000800420a                USART_Handler::Busy()
 .text.main     0x000000000800424c       0x42 Core/Src/main.o
                0x000000000800424c                main
 .text._Z18SystemClock_Configv
                0x000000000800428e       0xe2 Core/Src/main.o
                0x000000000800428e                SystemClock_Config()
 .text._ZL11MX_ADC_Initv
                0x0000000008004370       0xc8 Core/Src/main.o
 .text._ZL12MX_SPI1_Initv
                0x0000000008004438       0xa8 Core/Src/main.o
 .text._ZL12MX_TIM1_Initv
                0x00000000080044e0      0x1f4 Core/Src/main.o
 .text._ZL12MX_TIM3_Initv
                0x00000000080046d4      0x17c Core/Src/main.o
 .text._ZL13MX_TIM17_Initv
                0x0000000008004850      0x128 Core/Src/main.o
 .text._ZL19MX_USART1_UART_Initv
                0x0000000008004978       0x6c Core/Src/main.o
 .text._ZL19MX_USART2_UART_Initv
                0x00000000080049e4       0x68 Core/Src/main.o
 .text._ZL11MX_DMA_Initv
                0x0000000008004a4c       0x4c Core/Src/main.o
 .text._ZL12MX_GPIO_Initv
                0x0000000008004a98      0x108 Core/Src/main.o
 .text.Error_Handler
                0x0000000008004ba0        0xa Core/Src/main.o
                0x0000000008004ba0                Error_Handler
 *fill*         0x0000000008004baa        0x2 
 .text.NRF24L01_InitPins
                0x0000000008004bac       0x2c Core/Src/stm32_nrf24l01.o
                0x0000000008004bac                NRF24L01_InitPins
 .text.NRF24L01_Init
                0x0000000008004bd8      0x138 Core/Src/stm32_nrf24l01.o
                0x0000000008004bd8                NRF24L01_Init
 .text.NRF24L01_WriteRegister
                0x0000000008004d10       0x64 Core/Src/stm32_nrf24l01.o
                0x0000000008004d10                NRF24L01_WriteRegister
 .text.NRF24L01_WriteRegisterMulti
                0x0000000008004d74       0x5e Core/Src/stm32_nrf24l01.o
                0x0000000008004d74                NRF24L01_WriteRegisterMulti
 .text.NRF24L01_PowerUpTx
                0x0000000008004dd2       0x16 Core/Src/stm32_nrf24l01.o
                0x0000000008004dd2                NRF24L01_PowerUpTx
 .text.NRF24L01_PowerUpRx
                0x0000000008004de8       0x58 Core/Src/stm32_nrf24l01.o
                0x0000000008004de8                NRF24L01_PowerUpRx
 .text.NRF24L01_Transmit
                0x0000000008004e40       0x94 Core/Src/stm32_nrf24l01.o
                0x0000000008004e40                NRF24L01_Transmit
 .text.NRF24L01_GetData
                0x0000000008004ed4       0x50 Core/Src/stm32_nrf24l01.o
                0x0000000008004ed4                NRF24L01_GetData
 .text.NRF24L01_GetStatus
                0x0000000008004f24       0x3a Core/Src/stm32_nrf24l01.o
                0x0000000008004f24                NRF24L01_GetStatus
 .text.NRF24L01_GetTransmissionStatus
                0x0000000008004f5e       0x36 Core/Src/stm32_nrf24l01.o
                0x0000000008004f5e                NRF24L01_GetTransmissionStatus
 .text.NRF24L01_SoftwareReset
                0x0000000008004f94      0x144 Core/Src/stm32_nrf24l01.o
                0x0000000008004f94                NRF24L01_SoftwareReset
 .text.NRF24L01_SetChannel
                0x00000000080050d8       0x40 Core/Src/stm32_nrf24l01.o
                0x00000000080050d8                NRF24L01_SetChannel
 .text.NRF24L01_SetRF
                0x0000000008005118       0xb8 Core/Src/stm32_nrf24l01.o
                0x0000000008005118                NRF24L01_SetRF
 .text.NRF24L01_Clear_Interrupts
                0x00000000080051d0       0x14 Core/Src/stm32_nrf24l01.o
                0x00000000080051d0                NRF24L01_Clear_Interrupts
 .text.NRF24L01_SPI_Send
                0x00000000080051e4       0x54 Core/Src/stm32_nrf24l01_hal.o
                0x00000000080051e4                NRF24L01_SPI_Send
 .text.NRF24L01_SPI_WriteMulti
                0x0000000008005238       0x5c Core/Src/stm32_nrf24l01_hal.o
                0x0000000008005238                NRF24L01_SPI_WriteMulti
 .text.NRF24L01_SPI_SendMulti
                0x0000000008005294       0x68 Core/Src/stm32_nrf24l01_hal.o
                0x0000000008005294                NRF24L01_SPI_SendMulti
 .text.HAL_MspInit
                0x00000000080052fc       0x48 Core/Src/stm32f0xx_hal_msp.o
                0x00000000080052fc                HAL_MspInit
 .text.HAL_ADC_MspInit
                0x0000000008005344       0x8c Core/Src/stm32f0xx_hal_msp.o
                0x0000000008005344                HAL_ADC_MspInit
 .text.HAL_SPI_MspInit
                0x00000000080053d0      0x144 Core/Src/stm32f0xx_hal_msp.o
                0x00000000080053d0                HAL_SPI_MspInit
 .text.HAL_TIM_Base_MspInit
                0x0000000008005514       0x94 Core/Src/stm32f0xx_hal_msp.o
                0x0000000008005514                HAL_TIM_Base_MspInit
 .text.HAL_TIM_MspPostInit
                0x00000000080055a8      0x134 Core/Src/stm32f0xx_hal_msp.o
                0x00000000080055a8                HAL_TIM_MspPostInit
 .text.HAL_UART_MspInit
                0x00000000080056dc      0x23c Core/Src/stm32f0xx_hal_msp.o
                0x00000000080056dc                HAL_UART_MspInit
 .text.NMI_Handler
                0x0000000008005918        0xa Core/Src/stm32f0xx_it.o
                0x0000000008005918                NMI_Handler
 .text.HardFault_Handler
                0x0000000008005922        0x6 Core/Src/stm32f0xx_it.o
                0x0000000008005922                HardFault_Handler
 .text.SVC_Handler
                0x0000000008005928        0xa Core/Src/stm32f0xx_it.o
                0x0000000008005928                SVC_Handler
 .text.PendSV_Handler
                0x0000000008005932        0xa Core/Src/stm32f0xx_it.o
                0x0000000008005932                PendSV_Handler
 .text.SysTick_Handler
                0x000000000800593c        0xe Core/Src/stm32f0xx_it.o
                0x000000000800593c                SysTick_Handler
 .text.EXTI2_3_IRQHandler
                0x000000000800594a       0x10 Core/Src/stm32f0xx_it.o
                0x000000000800594a                EXTI2_3_IRQHandler
 *fill*         0x000000000800595a        0x2 
 .text.DMA1_Channel2_3_IRQHandler
                0x000000000800595c       0x24 Core/Src/stm32f0xx_it.o
                0x000000000800595c                DMA1_Channel2_3_IRQHandler
 .text.DMA1_Channel4_5_IRQHandler
                0x0000000008005980       0x24 Core/Src/stm32f0xx_it.o
                0x0000000008005980                DMA1_Channel4_5_IRQHandler
 .text._getpid  0x00000000080059a4        0xc Core/Src/syscalls.o
                0x00000000080059a4                _getpid
 .text._kill    0x00000000080059b0       0x20 Core/Src/syscalls.o
                0x00000000080059b0                _kill
 .text._exit    0x00000000080059d0       0x18 Core/Src/syscalls.o
                0x00000000080059d0                _exit
 .text._sbrk    0x00000000080059e8       0x58 Core/Src/sysmem.o
                0x00000000080059e8                _sbrk
 .text.SystemInit
                0x0000000008005a40        0xa Core/Src/system_stm32f0xx.o
                0x0000000008005a40                SystemInit
 *fill*         0x0000000008005a4a        0x2 
 .text.Reset_Handler
                0x0000000008005a4c       0x50 Core/Startup/startup_stm32f030c8tx.o
                0x0000000008005a4c                Reset_Handler
 .text.Default_Handler
                0x0000000008005a9c        0x2 Core/Startup/startup_stm32f030c8tx.o
                0x0000000008005a9c                TIM1_CC_IRQHandler
                0x0000000008005a9c                TIM6_IRQHandler
                0x0000000008005a9c                I2C1_IRQHandler
                0x0000000008005a9c                SPI1_IRQHandler
                0x0000000008005a9c                ADC1_IRQHandler
                0x0000000008005a9c                I2C2_IRQHandler
                0x0000000008005a9c                TIM17_IRQHandler
                0x0000000008005a9c                RTC_IRQHandler
                0x0000000008005a9c                TIM16_IRQHandler
                0x0000000008005a9c                TIM3_IRQHandler
                0x0000000008005a9c                EXTI4_15_IRQHandler
                0x0000000008005a9c                RCC_IRQHandler
                0x0000000008005a9c                DMA1_Channel1_IRQHandler
                0x0000000008005a9c                Default_Handler
                0x0000000008005a9c                TIM14_IRQHandler
                0x0000000008005a9c                TIM15_IRQHandler
                0x0000000008005a9c                EXTI0_1_IRQHandler
                0x0000000008005a9c                SPI2_IRQHandler
                0x0000000008005a9c                WWDG_IRQHandler
                0x0000000008005a9c                USART2_IRQHandler
                0x0000000008005a9c                FLASH_IRQHandler
                0x0000000008005a9c                USART1_IRQHandler
                0x0000000008005a9c                TIM1_BRK_UP_TRG_COM_IRQHandler
 *fill*         0x0000000008005a9e        0x2 
 .text.HAL_Init
                0x0000000008005aa0       0x28 Drivers/STM32F0xx_HAL_Driver/Src/stm32f0xx_hal.o
                0x0000000008005aa0                HAL_Init
 .text.HAL_InitTick
                0x0000000008005ac8       0x68 Drivers/STM32F0xx_HAL_Driver/Src/stm32f0xx_hal.o
                0x0000000008005ac8                HAL_InitTick
 .text.HAL_IncTick
                0x0000000008005b30       0x24 Drivers/STM32F0xx_HAL_Driver/Src/stm32f0xx_hal.o
                0x0000000008005b30                HAL_IncTick
 .text.HAL_GetTick
                0x0000000008005b54       0x14 Drivers/STM32F0xx_HAL_Driver/Src/stm32f0xx_hal.o
                0x0000000008005b54                HAL_GetTick
 .text.HAL_Delay
                0x0000000008005b68       0x44 Drivers/STM32F0xx_HAL_Driver/Src/stm32f0xx_hal.o
                0x0000000008005b68                HAL_Delay
 .text.HAL_ADC_Init
                0x0000000008005bac      0x280 Drivers/STM32F0xx_HAL_Driver/Src/stm32f0xx_hal_adc.o
                0x0000000008005bac                HAL_ADC_Init
 .text.HAL_ADC_Start
                0x0000000008005e2c       0xa8 Drivers/STM32F0xx_HAL_Driver/Src/stm32f0xx_hal_adc.o
                0x0000000008005e2c                HAL_ADC_Start
 .text.HAL_ADC_GetValue
                0x0000000008005ed4       0x16 Drivers/STM32F0xx_HAL_Driver/Src/stm32f0xx_hal_adc.o
                0x0000000008005ed4                HAL_ADC_GetValue
 *fill*         0x0000000008005eea        0x2 
 .text.HAL_ADC_ConfigChannel
                0x0000000008005eec      0x1ec Drivers/STM32F0xx_HAL_Driver/Src/stm32f0xx_hal_adc.o
                0x0000000008005eec                HAL_ADC_ConfigChannel
 .text.ADC_Enable
                0x00000000080060d8       0xf8 Drivers/STM32F0xx_HAL_Driver/Src/stm32f0xx_hal_adc.o
 .text.__NVIC_EnableIRQ
                0x00000000080061d0       0x34 Drivers/STM32F0xx_HAL_Driver/Src/stm32f0xx_hal_cortex.o
 .text.__NVIC_SetPriority
                0x0000000008006204       0xdc Drivers/STM32F0xx_HAL_Driver/Src/stm32f0xx_hal_cortex.o
 .text.SysTick_Config
                0x00000000080062e0       0x48 Drivers/STM32F0xx_HAL_Driver/Src/stm32f0xx_hal_cortex.o
 .text.HAL_NVIC_SetPriority
                0x0000000008006328       0x2a Drivers/STM32F0xx_HAL_Driver/Src/stm32f0xx_hal_cortex.o
                0x0000000008006328                HAL_NVIC_SetPriority
 .text.HAL_NVIC_EnableIRQ
                0x0000000008006352       0x20 Drivers/STM32F0xx_HAL_Driver/Src/stm32f0xx_hal_cortex.o
                0x0000000008006352                HAL_NVIC_EnableIRQ
 .text.HAL_SYSTICK_Config
                0x0000000008006372       0x1a Drivers/STM32F0xx_HAL_Driver/Src/stm32f0xx_hal_cortex.o
                0x0000000008006372                HAL_SYSTICK_Config
 .text.HAL_DMA_Init
                0x000000000800638c       0x90 Drivers/STM32F0xx_HAL_Driver/Src/stm32f0xx_hal_dma.o
                0x000000000800638c                HAL_DMA_Init
 .text.HAL_DMA_Start_IT
                0x000000000800641c       0xcc Drivers/STM32F0xx_HAL_Driver/Src/stm32f0xx_hal_dma.o
                0x000000000800641c                HAL_DMA_Start_IT
 .text.HAL_DMA_IRQHandler
                0x00000000080064e8      0x144 Drivers/STM32F0xx_HAL_Driver/Src/stm32f0xx_hal_dma.o
                0x00000000080064e8                HAL_DMA_IRQHandler
 .text.DMA_SetConfig
                0x000000000800662c       0x58 Drivers/STM32F0xx_HAL_Driver/Src/stm32f0xx_hal_dma.o
 .text.DMA_CalcBaseAndBitshift
                0x0000000008006684       0x38 Drivers/STM32F0xx_HAL_Driver/Src/stm32f0xx_hal_dma.o
 .text.HAL_GPIO_Init
                0x00000000080066bc      0x2e0 Drivers/STM32F0xx_HAL_Driver/Src/stm32f0xx_hal_gpio.o
                0x00000000080066bc                HAL_GPIO_Init
 .text.HAL_GPIO_WritePin
                0x000000000800699c       0x3a Drivers/STM32F0xx_HAL_Driver/Src/stm32f0xx_hal_gpio.o
                0x000000000800699c                HAL_GPIO_WritePin
 *fill*         0x00000000080069d6        0x2 
 .text.HAL_GPIO_EXTI_IRQHandler
                0x00000000080069d8       0x38 Drivers/STM32F0xx_HAL_Driver/Src/stm32f0xx_hal_gpio.o
                0x00000000080069d8                HAL_GPIO_EXTI_IRQHandler
 .text.HAL_RCC_OscConfig
                0x0000000008006a10      0x638 Drivers/STM32F0xx_HAL_Driver/Src/stm32f0xx_hal_rcc.o
                0x0000000008006a10                HAL_RCC_OscConfig
 .text.HAL_RCC_ClockConfig
                0x0000000008007048      0x19c Drivers/STM32F0xx_HAL_Driver/Src/stm32f0xx_hal_rcc.o
                0x0000000008007048                HAL_RCC_ClockConfig
 .text.HAL_RCC_GetSysClockFreq
                0x00000000080071e4       0xc8 Drivers/STM32F0xx_HAL_Driver/Src/stm32f0xx_hal_rcc.o
                0x00000000080071e4                HAL_RCC_GetSysClockFreq
 .text.HAL_RCC_GetHCLKFreq
                0x00000000080072ac       0x14 Drivers/STM32F0xx_HAL_Driver/Src/stm32f0xx_hal_rcc.o
                0x00000000080072ac                HAL_RCC_GetHCLKFreq
 .text.HAL_RCC_GetPCLK1Freq
                0x00000000080072c0       0x2c Drivers/STM32F0xx_HAL_Driver/Src/stm32f0xx_hal_rcc.o
                0x00000000080072c0                HAL_RCC_GetPCLK1Freq
 .text.HAL_RCCEx_PeriphCLKConfig
                0x00000000080072ec      0x19c Drivers/STM32F0xx_HAL_Driver/Src/stm32f0xx_hal_rcc_ex.o
                0x00000000080072ec                HAL_RCCEx_PeriphCLKConfig
 .text.HAL_SPI_Init
                0x0000000008007488      0x134 Drivers/STM32F0xx_HAL_Driver/Src/stm32f0xx_hal_spi.o
                0x0000000008007488                HAL_SPI_Init
 .text.HAL_TIM_Base_Init
                0x00000000080075bc       0x58 Drivers/STM32F0xx_HAL_Driver/Src/stm32f0xx_hal_tim.o
                0x00000000080075bc                HAL_TIM_Base_Init
 .text.HAL_TIM_PWM_Init
                0x0000000008007614       0x58 Drivers/STM32F0xx_HAL_Driver/Src/stm32f0xx_hal_tim.o
                0x0000000008007614                HAL_TIM_PWM_Init
 .text.HAL_TIM_PWM_MspInit
                0x000000000800766c       0x10 Drivers/STM32F0xx_HAL_Driver/Src/stm32f0xx_hal_tim.o
                0x000000000800766c                HAL_TIM_PWM_MspInit
 .text.HAL_TIM_PWM_Start
                0x000000000800767c       0x98 Drivers/STM32F0xx_HAL_Driver/Src/stm32f0xx_hal_tim.o
                0x000000000800767c                HAL_TIM_PWM_Start
 .text.HAL_TIM_PWM_ConfigChannel
                0x0000000008007714      0x170 Drivers/STM32F0xx_HAL_Driver/Src/stm32f0xx_hal_tim.o
                0x0000000008007714                HAL_TIM_PWM_ConfigChannel
 .text.HAL_TIM_ConfigClockSource
                0x0000000008007884      0x17c Drivers/STM32F0xx_HAL_Driver/Src/stm32f0xx_hal_tim.o
                0x0000000008007884                HAL_TIM_ConfigClockSource
 .text.TIM_Base_SetConfig
                0x0000000008007a00       0xec Drivers/STM32F0xx_HAL_Driver/Src/stm32f0xx_hal_tim.o
                0x0000000008007a00                TIM_Base_SetConfig
 .text.TIM_OC1_SetConfig
                0x0000000008007aec      0x110 Drivers/STM32F0xx_HAL_Driver/Src/stm32f0xx_hal_tim.o
 .text.TIM_OC2_SetConfig
                0x0000000008007bfc      0x108 Drivers/STM32F0xx_HAL_Driver/Src/stm32f0xx_hal_tim.o
                0x0000000008007bfc                TIM_OC2_SetConfig
 .text.TIM_OC3_SetConfig
                0x0000000008007d04      0x10c Drivers/STM32F0xx_HAL_Driver/Src/stm32f0xx_hal_tim.o
 .text.TIM_OC4_SetConfig
                0x0000000008007e10       0xd4 Drivers/STM32F0xx_HAL_Driver/Src/stm32f0xx_hal_tim.o
 .text.TIM_TI1_ConfigInputStage
                0x0000000008007ee4       0x5c Drivers/STM32F0xx_HAL_Driver/Src/stm32f0xx_hal_tim.o
 .text.TIM_TI2_ConfigInputStage
                0x0000000008007f40       0x64 Drivers/STM32F0xx_HAL_Driver/Src/stm32f0xx_hal_tim.o
 .text.TIM_ITRx_SetConfig
                0x0000000008007fa4       0x32 Drivers/STM32F0xx_HAL_Driver/Src/stm32f0xx_hal_tim.o
 *fill*         0x0000000008007fd6        0x2 
 .text.TIM_ETR_SetConfig
                0x0000000008007fd8       0x40 Drivers/STM32F0xx_HAL_Driver/Src/stm32f0xx_hal_tim.o
                0x0000000008007fd8                TIM_ETR_SetConfig
 .text.TIM_CCxChannelCmd
                0x0000000008008018       0x46 Drivers/STM32F0xx_HAL_Driver/Src/stm32f0xx_hal_tim.o
                0x0000000008008018                TIM_CCxChannelCmd
 *fill*         0x000000000800805e        0x2 
 .text.HAL_TIMEx_MasterConfigSynchronization
                0x0000000008008060       0xb0 Drivers/STM32F0xx_HAL_Driver/Src/stm32f0xx_hal_tim_ex.o
                0x0000000008008060                HAL_TIMEx_MasterConfigSynchronization
 .text.HAL_TIMEx_ConfigBreakDeadTime
                0x0000000008008110       0xbc Drivers/STM32F0xx_HAL_Driver/Src/stm32f0xx_hal_tim_ex.o
                0x0000000008008110                HAL_TIMEx_ConfigBreakDeadTime
 .text.HAL_UART_Init
                0x00000000080081cc       0xa8 Drivers/STM32F0xx_HAL_Driver/Src/stm32f0xx_hal_uart.o
                0x00000000080081cc                HAL_UART_Init
 .text.HAL_UART_Transmit_DMA
                0x0000000008008274      0x120 Drivers/STM32F0xx_HAL_Driver/Src/stm32f0xx_hal_uart.o
                0x0000000008008274                HAL_UART_Transmit_DMA
 .text.HAL_UART_Receive_DMA
                0x0000000008008394      0x130 Drivers/STM32F0xx_HAL_Driver/Src/stm32f0xx_hal_uart.o
                0x0000000008008394                HAL_UART_Receive_DMA
 .text.HAL_UART_TxCpltCallback
                0x00000000080084c4       0x10 Drivers/STM32F0xx_HAL_Driver/Src/stm32f0xx_hal_uart.o
                0x00000000080084c4                HAL_UART_TxCpltCallback
 .text.HAL_UART_TxHalfCpltCallback
                0x00000000080084d4       0x10 Drivers/STM32F0xx_HAL_Driver/Src/stm32f0xx_hal_uart.o
                0x00000000080084d4                HAL_UART_TxHalfCpltCallback
 .text.HAL_UART_RxCpltCallback
                0x00000000080084e4       0x10 Drivers/STM32F0xx_HAL_Driver/Src/stm32f0xx_hal_uart.o
                0x00000000080084e4                HAL_UART_RxCpltCallback
 .text.HAL_UART_RxHalfCpltCallback
                0x00000000080084f4       0x10 Drivers/STM32F0xx_HAL_Driver/Src/stm32f0xx_hal_uart.o
                0x00000000080084f4                HAL_UART_RxHalfCpltCallback
 .text.HAL_UART_ErrorCallback
                0x0000000008008504       0x10 Drivers/STM32F0xx_HAL_Driver/Src/stm32f0xx_hal_uart.o
                0x0000000008008504                HAL_UART_ErrorCallback
 .text.UART_SetConfig
                0x0000000008008514      0x30c Drivers/STM32F0xx_HAL_Driver/Src/stm32f0xx_hal_uart.o
                0x0000000008008514                UART_SetConfig
 .text.UART_AdvFeatureConfig
                0x0000000008008820      0x168 Drivers/STM32F0xx_HAL_Driver/Src/stm32f0xx_hal_uart.o
                0x0000000008008820                UART_AdvFeatureConfig
 .text.UART_CheckIdleState
                0x0000000008008988       0x8c Drivers/STM32F0xx_HAL_Driver/Src/stm32f0xx_hal_uart.o
                0x0000000008008988                UART_CheckIdleState
 .text.UART_WaitOnFlagUntilTimeout
                0x0000000008008a14       0xfc Drivers/STM32F0xx_HAL_Driver/Src/stm32f0xx_hal_uart.o
                0x0000000008008a14                UART_WaitOnFlagUntilTimeout
 .text.UART_EndTxTransfer
                0x0000000008008b10       0x26 Drivers/STM32F0xx_HAL_Driver/Src/stm32f0xx_hal_uart.o
 *fill*         0x0000000008008b36        0x2 
 .text.UART_EndRxTransfer
                0x0000000008008b38       0x40 Drivers/STM32F0xx_HAL_Driver/Src/stm32f0xx_hal_uart.o
 .text.UART_DMATransmitCplt
                0x0000000008008b78       0x50 Drivers/STM32F0xx_HAL_Driver/Src/stm32f0xx_hal_uart.o
 .text.UART_DMATxHalfCplt
                0x0000000008008bc8       0x1e Drivers/STM32F0xx_HAL_Driver/Src/stm32f0xx_hal_uart.o
 *fill*         0x0000000008008be6        0x2 
 .text.UART_DMAReceiveCplt
                0x0000000008008be8       0x68 Drivers/STM32F0xx_HAL_Driver/Src/stm32f0xx_hal_uart.o
 .text.UART_DMARxHalfCplt
                0x0000000008008c50       0x1e Drivers/STM32F0xx_HAL_Driver/Src/stm32f0xx_hal_uart.o
 .text.UART_DMAError
                0x0000000008008c6e       0x7e Drivers/STM32F0xx_HAL_Driver/Src/stm32f0xx_hal_uart.o
 .text._Znwj    0x0000000008008cec       0x24 c:/st/stm32cubeide_1.1.0/stm32cubeide/plugins/com.st.stm32cube.ide.mcu.externaltools.gnu-tools-for-stm32.7-2018-q2-update.win32_1.0.0.201904181610/tools/bin/../lib/gcc/arm-none-eabi/7.3.1/../../../../arm-none-eabi/lib/thumb/v6-m\libstdc++_nano.a(new_op.o)
                0x0000000008008cec                operator new(unsigned int)
 .text._ZSt15get_new_handlerv
                0x0000000008008d10        0xc c:/st/stm32cubeide_1.1.0/stm32cubeide/plugins/com.st.stm32cube.ide.mcu.externaltools.gnu-tools-for-stm32.7-2018-q2-update.win32_1.0.0.201904181610/tools/bin/../lib/gcc/arm-none-eabi/7.3.1/../../../../arm-none-eabi/lib/thumb/v6-m\libstdc++_nano.a(new_handler.o)
                0x0000000008008d10                std::get_new_handler()
 .text.abort    0x0000000008008d1c        0xe c:/st/stm32cubeide_1.1.0/stm32cubeide/plugins/com.st.stm32cube.ide.mcu.externaltools.gnu-tools-for-stm32.7-2018-q2-update.win32_1.0.0.201904181610/tools/bin/../lib/gcc/arm-none-eabi/7.3.1/../../../../arm-none-eabi/lib/thumb/v6-m\libc_nano.a(lib_a-abort.o)
                0x0000000008008d1c                abort
 *fill*         0x0000000008008d2a        0x2 
 .text.__errno  0x0000000008008d2c        0xc c:/st/stm32cubeide_1.1.0/stm32cubeide/plugins/com.st.stm32cube.ide.mcu.externaltools.gnu-tools-for-stm32.7-2018-q2-update.win32_1.0.0.201904181610/tools/bin/../lib/gcc/arm-none-eabi/7.3.1/../../../../arm-none-eabi/lib/thumb/v6-m\libc_nano.a(lib_a-errno.o)
                0x0000000008008d2c                __errno
 .text.__libc_init_array
                0x0000000008008d38       0x48 c:/st/stm32cubeide_1.1.0/stm32cubeide/plugins/com.st.stm32cube.ide.mcu.externaltools.gnu-tools-for-stm32.7-2018-q2-update.win32_1.0.0.201904181610/tools/bin/../lib/gcc/arm-none-eabi/7.3.1/../../../../arm-none-eabi/lib/thumb/v6-m\libc_nano.a(lib_a-init.o)
                0x0000000008008d38                __libc_init_array
 .text.malloc   0x0000000008008d80       0x14 c:/st/stm32cubeide_1.1.0/stm32cubeide/plugins/com.st.stm32cube.ide.mcu.externaltools.gnu-tools-for-stm32.7-2018-q2-update.win32_1.0.0.201904181610/tools/bin/../lib/gcc/arm-none-eabi/7.3.1/../../../../arm-none-eabi/lib/thumb/v6-m\libc_nano.a(lib_a-malloc.o)
                0x0000000008008d80                malloc
 .text.memset   0x0000000008008d94       0x10 c:/st/stm32cubeide_1.1.0/stm32cubeide/plugins/com.st.stm32cube.ide.mcu.externaltools.gnu-tools-for-stm32.7-2018-q2-update.win32_1.0.0.201904181610/tools/bin/../lib/gcc/arm-none-eabi/7.3.1/../../../../arm-none-eabi/lib/thumb/v6-m\libc_nano.a(lib_a-memset.o)
                0x0000000008008d94                memset
 .text._malloc_r
                0x0000000008008da4       0xbc c:/st/stm32cubeide_1.1.0/stm32cubeide/plugins/com.st.stm32cube.ide.mcu.externaltools.gnu-tools-for-stm32.7-2018-q2-update.win32_1.0.0.201904181610/tools/bin/../lib/gcc/arm-none-eabi/7.3.1/../../../../arm-none-eabi/lib/thumb/v6-m\libc_nano.a(lib_a-nano-mallocr.o)
                0x0000000008008da4                _malloc_r
 .text._sbrk_r  0x0000000008008e60       0x24 c:/st/stm32cubeide_1.1.0/stm32cubeide/plugins/com.st.stm32cube.ide.mcu.externaltools.gnu-tools-for-stm32.7-2018-q2-update.win32_1.0.0.201904181610/tools/bin/../lib/gcc/arm-none-eabi/7.3.1/../../../../arm-none-eabi/lib/thumb/v6-m\libc_nano.a(lib_a-sbrkr.o)
                0x0000000008008e60                _sbrk_r
 .text._raise_r
                0x0000000008008e84       0x54 c:/st/stm32cubeide_1.1.0/stm32cubeide/plugins/com.st.stm32cube.ide.mcu.externaltools.gnu-tools-for-stm32.7-2018-q2-update.win32_1.0.0.201904181610/tools/bin/../lib/gcc/arm-none-eabi/7.3.1/../../../../arm-none-eabi/lib/thumb/v6-m\libc_nano.a(lib_a-signal.o)
                0x0000000008008e84                _raise_r
 .text.raise    0x0000000008008ed8       0x14 c:/st/stm32cubeide_1.1.0/stm32cubeide/plugins/com.st.stm32cube.ide.mcu.externaltools.gnu-tools-for-stm32.7-2018-q2-update.win32_1.0.0.201904181610/tools/bin/../lib/gcc/arm-none-eabi/7.3.1/../../../../arm-none-eabi/lib/thumb/v6-m\libc_nano.a(lib_a-signal.o)
                0x0000000008008ed8                raise
 .text._kill_r  0x0000000008008eec       0x24 c:/st/stm32cubeide_1.1.0/stm32cubeide/plugins/com.st.stm32cube.ide.mcu.externaltools.gnu-tools-for-stm32.7-2018-q2-update.win32_1.0.0.201904181610/tools/bin/../lib/gcc/arm-none-eabi/7.3.1/../../../../arm-none-eabi/lib/thumb/v6-m\libc_nano.a(lib_a-signalr.o)
                0x0000000008008eec                _kill_r
 .text._getpid_r
                0x0000000008008f10        0x8 c:/st/stm32cubeide_1.1.0/stm32cubeide/plugins/com.st.stm32cube.ide.mcu.externaltools.gnu-tools-for-stm32.7-2018-q2-update.win32_1.0.0.201904181610/tools/bin/../lib/gcc/arm-none-eabi/7.3.1/../../../../arm-none-eabi/lib/thumb/v6-m\libc_nano.a(lib_a-signalr.o)
                0x0000000008008f10                _getpid_r
 .text.__malloc_lock
                0x0000000008008f18        0x2 c:/st/stm32cubeide_1.1.0/stm32cubeide/plugins/com.st.stm32cube.ide.mcu.externaltools.gnu-tools-for-stm32.7-2018-q2-update.win32_1.0.0.201904181610/tools/bin/../lib/gcc/arm-none-eabi/7.3.1/../../../../arm-none-eabi/lib/thumb/v6-m\libc_nano.a(lib_a-mlock.o)
                0x0000000008008f18                __malloc_lock
 .text.__malloc_unlock
                0x0000000008008f1a        0x2 c:/st/stm32cubeide_1.1.0/stm32cubeide/plugins/com.st.stm32cube.ide.mcu.externaltools.gnu-tools-for-stm32.7-2018-q2-update.win32_1.0.0.201904181610/tools/bin/../lib/gcc/arm-none-eabi/7.3.1/../../../../arm-none-eabi/lib/thumb/v6-m\libc_nano.a(lib_a-mlock.o)
                0x0000000008008f1a                __malloc_unlock
 *(.glue_7)
 .glue_7        0x0000000008008f1c        0x0 linker stubs
 *(.glue_7t)
 .glue_7t       0x0000000008008f1c        0x0 linker stubs
 *(.eh_frame)
 .eh_frame      0x0000000008008f1c        0x0 c:/st/stm32cubeide_1.1.0/stm32cubeide/plugins/com.st.stm32cube.ide.mcu.externaltools.gnu-tools-for-stm32.7-2018-q2-update.win32_1.0.0.201904181610/tools/bin/../lib/gcc/arm-none-eabi/7.3.1/thumb/v6-m/crtbegin.o
 *(.init)
 .init          0x0000000008008f1c        0x4 c:/st/stm32cubeide_1.1.0/stm32cubeide/plugins/com.st.stm32cube.ide.mcu.externaltools.gnu-tools-for-stm32.7-2018-q2-update.win32_1.0.0.201904181610/tools/bin/../lib/gcc/arm-none-eabi/7.3.1/thumb/v6-m/crti.o
                0x0000000008008f1c                _init
 .init          0x0000000008008f20        0x8 c:/st/stm32cubeide_1.1.0/stm32cubeide/plugins/com.st.stm32cube.ide.mcu.externaltools.gnu-tools-for-stm32.7-2018-q2-update.win32_1.0.0.201904181610/tools/bin/../lib/gcc/arm-none-eabi/7.3.1/thumb/v6-m/crtn.o
 *(.fini)
 .fini          0x0000000008008f28        0x4 c:/st/stm32cubeide_1.1.0/stm32cubeide/plugins/com.st.stm32cube.ide.mcu.externaltools.gnu-tools-for-stm32.7-2018-q2-update.win32_1.0.0.201904181610/tools/bin/../lib/gcc/arm-none-eabi/7.3.1/thumb/v6-m/crti.o
                0x0000000008008f28                _fini
 .fini          0x0000000008008f2c        0x8 c:/st/stm32cubeide_1.1.0/stm32cubeide/plugins/com.st.stm32cube.ide.mcu.externaltools.gnu-tools-for-stm32.7-2018-q2-update.win32_1.0.0.201904181610/tools/bin/../lib/gcc/arm-none-eabi/7.3.1/thumb/v6-m/crtn.o
                0x0000000008008f34                . = ALIGN (0x4)
                0x0000000008008f34                _etext = .

.vfp11_veneer   0x0000000008008f34        0x0
 .vfp11_veneer  0x0000000008008f34        0x0 linker stubs

.v4_bx          0x0000000008008f34        0x0
 .v4_bx         0x0000000008008f34        0x0 linker stubs

.iplt           0x0000000008008f34        0x0
 .iplt          0x0000000008008f34        0x0 c:/st/stm32cubeide_1.1.0/stm32cubeide/plugins/com.st.stm32cube.ide.mcu.externaltools.gnu-tools-for-stm32.7-2018-q2-update.win32_1.0.0.201904181610/tools/bin/../lib/gcc/arm-none-eabi/7.3.1/thumb/v6-m/crtbegin.o

.rodata         0x0000000008008f34      0x204
                0x0000000008008f34                . = ALIGN (0x4)
 *(.rodata)
 .rodata        0x0000000008008f34       0x19 Core/Src/LED_NRF24L01.o
 *fill*         0x0000000008008f4d        0x3 
 .rodata        0x0000000008008f50       0x90 Core/Src/LED_StateMachine.o
 .rodata        0x0000000008008fe0       0x20 Drivers/STM32F0xx_HAL_Driver/Src/stm32f0xx_hal_rcc.o
 .rodata        0x0000000008009000       0x40 c:/st/stm32cubeide_1.1.0/stm32cubeide/plugins/com.st.stm32cube.ide.mcu.externaltools.gnu-tools-for-stm32.7-2018-q2-update.win32_1.0.0.201904181610/tools/bin/../lib/gcc/arm-none-eabi/7.3.1/thumb/v6-m\libgcc.a(divdf3.o)
 .rodata        0x0000000008009040       0x40 c:/st/stm32cubeide_1.1.0/stm32cubeide/plugins/com.st.stm32cube.ide.mcu.externaltools.gnu-tools-for-stm32.7-2018-q2-update.win32_1.0.0.201904181610/tools/bin/../lib/gcc/arm-none-eabi/7.3.1/thumb/v6-m\libgcc.a(muldf3.o)
 *(.rodata*)
 .rodata._Z16LED_NRF24L01_IRQv
                0x0000000008009080       0x44 Core/Src/LED_NRF24L01.o
 .rodata._Z23LED_StateMachine_Handlev
                0x00000000080090c4       0x18 Core/Src/LED_StateMachine.o
 .rodata._ZL10NTC_Lookup
                0x00000000080090dc       0x44 Core/Src/NTC.o
 .rodata.AHBPrescTable
                0x0000000008009120       0x10 Core/Src/system_stm32f0xx.o
                0x0000000008009120                AHBPrescTable
 .rodata.APBPrescTable
                0x0000000008009130        0x8 Core/Src/system_stm32f0xx.o
                0x0000000008009130                APBPrescTable
                0x0000000008009138                . = ALIGN (0x4)

.rel.dyn        0x0000000008009138        0x0
 .rel.iplt      0x0000000008009138        0x0 c:/st/stm32cubeide_1.1.0/stm32cubeide/plugins/com.st.stm32cube.ide.mcu.externaltools.gnu-tools-for-stm32.7-2018-q2-update.win32_1.0.0.201904181610/tools/bin/../lib/gcc/arm-none-eabi/7.3.1/thumb/v6-m/crtbegin.o

.ARM.extab      0x0000000008009138        0x0
                0x0000000008009138                . = ALIGN (0x4)
 *(.ARM.extab* .gnu.linkonce.armextab.*)
                0x0000000008009138                . = ALIGN (0x4)

.ARM            0x0000000008009138        0x0
                0x0000000008009138                . = ALIGN (0x4)
                0x0000000008009138                __exidx_start = .
 *(.ARM.exidx*)
                0x0000000008009138                __exidx_end = .
                0x0000000008009138                . = ALIGN (0x4)

.preinit_array  0x0000000008009138        0x0
                0x0000000008009138                . = ALIGN (0x4)
                0x0000000008009138                PROVIDE (__preinit_array_start = .)
 *(.preinit_array*)
                0x0000000008009138                PROVIDE (__preinit_array_end = .)
                0x0000000008009138                . = ALIGN (0x4)

.init_array     0x0000000008009138        0x4
                0x0000000008009138                . = ALIGN (0x4)
                0x0000000008009138                PROVIDE (__init_array_start = .)
 *(SORT_BY_NAME(.init_array.*))
 *(.init_array*)
 .init_array    0x0000000008009138        0x4 c:/st/stm32cubeide_1.1.0/stm32cubeide/plugins/com.st.stm32cube.ide.mcu.externaltools.gnu-tools-for-stm32.7-2018-q2-update.win32_1.0.0.201904181610/tools/bin/../lib/gcc/arm-none-eabi/7.3.1/thumb/v6-m/crtbegin.o
                0x000000000800913c                PROVIDE (__init_array_end = .)
                0x000000000800913c                . = ALIGN (0x4)

.fini_array     0x000000000800913c        0x4
                0x000000000800913c                . = ALIGN (0x4)
                [!provide]                        PROVIDE (__fini_array_start = .)
 *(SORT_BY_NAME(.fini_array.*))
 *(.fini_array*)
 .fini_array    0x000000000800913c        0x4 c:/st/stm32cubeide_1.1.0/stm32cubeide/plugins/com.st.stm32cube.ide.mcu.externaltools.gnu-tools-for-stm32.7-2018-q2-update.win32_1.0.0.201904181610/tools/bin/../lib/gcc/arm-none-eabi/7.3.1/thumb/v6-m/crtbegin.o
                [!provide]                        PROVIDE (__fini_array_end = .)
                0x0000000008009140                . = ALIGN (0x4)
                0x0000000008009140                _sidata = LOADADDR (.data)

.data           0x0000000020000000       0x78 load address 0x0000000008009140
                0x0000000020000000                . = ALIGN (0x4)
                0x0000000020000000                _sdata = .
 *(.data)
 *(.data*)
 .data.timestamp
                0x0000000020000000        0x4 Core/Src/LED_NRF24L01.o
                0x0000000020000000                timestamp
 .data.LED_mode
                0x0000000020000004        0x1 Core/Src/LED_StateMachine.o
                0x0000000020000004                LED_mode
 *fill*         0x0000000020000005        0x3 
 .data.SystemCoreClock
                0x0000000020000008        0x4 Core/Src/system_stm32f0xx.o
                0x0000000020000008                SystemCoreClock
 .data.uwTickPrio
                0x000000002000000c        0x4 Drivers/STM32F0xx_HAL_Driver/Src/stm32f0xx_hal.o
                0x000000002000000c                uwTickPrio
 .data.uwTickFreq
                0x0000000020000010        0x1 Drivers/STM32F0xx_HAL_Driver/Src/stm32f0xx_hal.o
                0x0000000020000010                uwTickFreq
 *fill*         0x0000000020000011        0x3 
 .data._impure_ptr
                0x0000000020000014        0x4 c:/st/stm32cubeide_1.1.0/stm32cubeide/plugins/com.st.stm32cube.ide.mcu.externaltools.gnu-tools-for-stm32.7-2018-q2-update.win32_1.0.0.201904181610/tools/bin/../lib/gcc/arm-none-eabi/7.3.1/../../../../arm-none-eabi/lib/thumb/v6-m\libc_nano.a(lib_a-impure.o)
                0x0000000020000014                _impure_ptr
 .data.impure_data
                0x0000000020000018       0x60 c:/st/stm32cubeide_1.1.0/stm32cubeide/plugins/com.st.stm32cube.ide.mcu.externaltools.gnu-tools-for-stm32.7-2018-q2-update.win32_1.0.0.201904181610/tools/bin/../lib/gcc/arm-none-eabi/7.3.1/../../../../arm-none-eabi/lib/thumb/v6-m\libc_nano.a(lib_a-impure.o)
                0x0000000020000078                . = ALIGN (0x4)
                0x0000000020000078                _edata = .

.igot.plt       0x0000000020000078        0x0 load address 0x00000000080091b8
 .igot.plt      0x0000000020000078        0x0 c:/st/stm32cubeide_1.1.0/stm32cubeide/plugins/com.st.stm32cube.ide.mcu.externaltools.gnu-tools-for-stm32.7-2018-q2-update.win32_1.0.0.201904181610/tools/bin/../lib/gcc/arm-none-eabi/7.3.1/thumb/v6-m/crtbegin.o
                0x0000000020000078                . = ALIGN (0x4)

.bss            0x0000000020000078      0x3f4 load address 0x00000000080091b8
                0x0000000020000078                _sbss = .
                0x0000000020000078                __bss_start__ = _sbss
 *(.bss)
 .bss           0x0000000020000078       0x1c c:/st/stm32cubeide_1.1.0/stm32cubeide/plugins/com.st.stm32cube.ide.mcu.externaltools.gnu-tools-for-stm32.7-2018-q2-update.win32_1.0.0.201904181610/tools/bin/../lib/gcc/arm-none-eabi/7.3.1/thumb/v6-m/crtbegin.o
 *(.bss*)
 .bss.OwnAddress
                0x0000000020000094        0x4 Core/Src/LED_NRF24L01.o
                0x0000000020000094                OwnAddress
 .bss.OwnGroup  0x0000000020000098        0x1 Core/Src/LED_NRF24L01.o
                0x0000000020000098                OwnGroup
 .bss.PWMboost  0x0000000020000099        0x1 Core/Src/LED_PWM.o
                0x0000000020000099                PWMboost
 *fill*         0x000000002000009a        0x2 
 .bss.PWMboostTime
                0x000000002000009c        0x4 Core/Src/LED_PWM.o
                0x000000002000009c                PWMboostTime
 .bss._led_red  0x00000000200000a0        0x2 Core/Src/LED_PWM.o
                0x00000000200000a0                _led_red
 .bss._led_green
                0x00000000200000a2        0x2 Core/Src/LED_PWM.o
                0x00000000200000a2                _led_green
 .bss._led_blue
                0x00000000200000a4        0x2 Core/Src/LED_PWM.o
                0x00000000200000a4                _led_blue
 .bss._led_white
                0x00000000200000a6        0x2 Core/Src/LED_PWM.o
                0x00000000200000a6                _led_white
 .bss.LED_Hue   0x00000000200000a8        0x2 Core/Src/LED_StateMachine.o
                0x00000000200000a8                LED_Hue
 .bss.LED_Saturation
                0x00000000200000aa        0x2 Core/Src/LED_StateMachine.o
                0x00000000200000aa                LED_Saturation
 .bss.LED_Value
                0x00000000200000ac        0x2 Core/Src/LED_StateMachine.o
                0x00000000200000ac                LED_Value
 .bss.LED_Red   0x00000000200000ae        0x2 Core/Src/LED_StateMachine.o
                0x00000000200000ae                LED_Red
 .bss.LED_Green
                0x00000000200000b0        0x2 Core/Src/LED_StateMachine.o
                0x00000000200000b0                LED_Green
 .bss.LED_Blue  0x00000000200000b2        0x2 Core/Src/LED_StateMachine.o
                0x00000000200000b2                LED_Blue
 .bss.LED_White
                0x00000000200000b4        0x2 Core/Src/LED_StateMachine.o
                0x00000000200000b4                LED_White
 .bss.LED_Fade_Min
                0x00000000200000b6        0x2 Core/Src/LED_StateMachine.o
                0x00000000200000b6                LED_Fade_Min
 .bss.LED_Fade_Max
                0x00000000200000b8        0x2 Core/Src/LED_StateMachine.o
                0x00000000200000b8                LED_Fade_Max
 *fill*         0x00000000200000ba        0x2 
 .bss.LED_Timebase
                0x00000000200000bc        0x4 Core/Src/LED_StateMachine.o
                0x00000000200000bc                LED_Timebase
 .bss.Strobe_Period
                0x00000000200000c0        0x1 Core/Src/LED_StateMachine.o
                0x00000000200000c0                Strobe_Period
 .bss.Strobe_State
                0x00000000200000c1        0x1 Core/Src/LED_StateMachine.o
                0x00000000200000c1                Strobe_State
 .bss.Strobe_Count
                0x00000000200000c2        0x1 Core/Src/LED_StateMachine.o
                0x00000000200000c2                Strobe_Count
 *fill*         0x00000000200000c3        0x1 
 .bss.Fade_Period
                0x00000000200000c4        0x2 Core/Src/LED_StateMachine.o
                0x00000000200000c4                Fade_Period
 .bss.Fade_State
                0x00000000200000c6        0x2 Core/Src/LED_StateMachine.o
                0x00000000200000c6                Fade_State
 .bss.Serial    0x00000000200000c8        0x4 Core/Src/LED_StateMachine.o
                0x00000000200000c8                Serial
 .bss.LED_Temp  0x00000000200000cc        0x4 Core/Src/LED_Thermomodel.o
                0x00000000200000cc                LED_Temp
 .bss.NTC_Temp  0x00000000200000d0        0x4 Core/Src/LED_Thermomodel.o
                0x00000000200000d0                NTC_Temp
 .bss.Thermomodel_Timebase
                0x00000000200000d4        0x4 Core/Src/LED_Thermomodel.o
                0x00000000200000d4                Thermomodel_Timebase
 .bss.Fan_PWM   0x00000000200000d8        0x2 Core/Src/LED_Thermomodel.o
                0x00000000200000d8                Fan_PWM
 *fill*         0x00000000200000da        0x2 
 .bss.hadc      0x00000000200000dc       0x40 Core/Src/main.o
                0x00000000200000dc                hadc
 .bss.hspi1     0x000000002000011c       0x64 Core/Src/main.o
                0x000000002000011c                hspi1
 .bss.hdma_spi1_rx
                0x0000000020000180       0x44 Core/Src/main.o
                0x0000000020000180                hdma_spi1_rx
 .bss.hdma_spi1_tx
                0x00000000200001c4       0x44 Core/Src/main.o
                0x00000000200001c4                hdma_spi1_tx
 .bss.htim1     0x0000000020000208       0x40 Core/Src/main.o
                0x0000000020000208                htim1
 .bss.htim3     0x0000000020000248       0x40 Core/Src/main.o
                0x0000000020000248                htim3
 .bss.htim17    0x0000000020000288       0x40 Core/Src/main.o
                0x0000000020000288                htim17
 .bss.huart1    0x00000000200002c8       0x80 Core/Src/main.o
                0x00000000200002c8                huart1
 .bss.huart2    0x0000000020000348       0x80 Core/Src/main.o
                0x0000000020000348                huart2
 .bss.hdma_usart1_rx
                0x00000000200003c8       0x44 Core/Src/main.o
                0x00000000200003c8                hdma_usart1_rx
 .bss.hdma_usart1_tx
                0x000000002000040c       0x44 Core/Src/main.o
                0x000000002000040c                hdma_usart1_tx
 .bss.NRF24L01_Struct
                0x0000000020000450        0x4 Core/Src/stm32_nrf24l01.o
 .bss.heap_end.5149
                0x0000000020000454        0x4 Core/Src/sysmem.o
 .bss._ZN12_GLOBAL__N_113__new_handlerE
                0x0000000020000458        0x4 c:/st/stm32cubeide_1.1.0/stm32cubeide/plugins/com.st.stm32cube.ide.mcu.externaltools.gnu-tools-for-stm32.7-2018-q2-update.win32_1.0.0.201904181610/tools/bin/../lib/gcc/arm-none-eabi/7.3.1/../../../../arm-none-eabi/lib/thumb/v6-m\libstdc++_nano.a(new_handler.o)
 .bss.__malloc_free_list
                0x000000002000045c        0x4 c:/st/stm32cubeide_1.1.0/stm32cubeide/plugins/com.st.stm32cube.ide.mcu.externaltools.gnu-tools-for-stm32.7-2018-q2-update.win32_1.0.0.201904181610/tools/bin/../lib/gcc/arm-none-eabi/7.3.1/../../../../arm-none-eabi/lib/thumb/v6-m\libc_nano.a(lib_a-nano-mallocr.o)
                0x000000002000045c                __malloc_free_list
 .bss.__malloc_sbrk_start
                0x0000000020000460        0x4 c:/st/stm32cubeide_1.1.0/stm32cubeide/plugins/com.st.stm32cube.ide.mcu.externaltools.gnu-tools-for-stm32.7-2018-q2-update.win32_1.0.0.201904181610/tools/bin/../lib/gcc/arm-none-eabi/7.3.1/../../../../arm-none-eabi/lib/thumb/v6-m\libc_nano.a(lib_a-nano-mallocr.o)
                0x0000000020000460                __malloc_sbrk_start
 *(COMMON)
 COMMON         0x0000000020000464        0x4 Drivers/STM32F0xx_HAL_Driver/Src/stm32f0xx_hal.o
                0x0000000020000464                uwTick
 COMMON         0x0000000020000468        0x4 c:/st/stm32cubeide_1.1.0/stm32cubeide/plugins/com.st.stm32cube.ide.mcu.externaltools.gnu-tools-for-stm32.7-2018-q2-update.win32_1.0.0.201904181610/tools/bin/../lib/gcc/arm-none-eabi/7.3.1/../../../../arm-none-eabi/lib/thumb/v6-m\libc_nano.a(lib_a-reent.o)
                0x0000000020000468                errno
                0x000000002000046c                . = ALIGN (0x4)
                0x000000002000046c                _ebss = .
                0x000000002000046c                __bss_end__ = _ebss

._user_heap_stack
                0x000000002000046c      0x604 load address 0x00000000080091b8
                0x0000000020000470                . = ALIGN (0x8)
 *fill*         0x000000002000046c        0x4 
                0x0000000020000470                PROVIDE (end = .)
                [!provide]                        PROVIDE (_end = .)
                0x0000000020000670                . = (. + _Min_Heap_Size)
 *fill*         0x0000000020000470      0x200 
                0x0000000020000a70                . = (. + _Min_Stack_Size)
 *fill*         0x0000000020000670      0x400 
                0x0000000020000a70                . = ALIGN (0x8)

/DISCARD/
 libc.a(*)
 libm.a(*)
 libgcc.a(*)

.ARM.attributes
                0x0000000000000000       0x28
 *(.ARM.attributes)
 .ARM.attributes
                0x0000000000000000       0x1e c:/st/stm32cubeide_1.1.0/stm32cubeide/plugins/com.st.stm32cube.ide.mcu.externaltools.gnu-tools-for-stm32.7-2018-q2-update.win32_1.0.0.201904181610/tools/bin/../lib/gcc/arm-none-eabi/7.3.1/thumb/v6-m/crti.o
 .ARM.attributes
                0x000000000000001e       0x2c c:/st/stm32cubeide_1.1.0/stm32cubeide/plugins/com.st.stm32cube.ide.mcu.externaltools.gnu-tools-for-stm32.7-2018-q2-update.win32_1.0.0.201904181610/tools/bin/../lib/gcc/arm-none-eabi/7.3.1/thumb/v6-m/crtbegin.o
 .ARM.attributes
                0x000000000000004a       0x31 Core/Src/FAN_PWM.o
 .ARM.attributes
                0x000000000000007b       0x31 Core/Src/LED_NRF24L01.o
 .ARM.attributes
                0x00000000000000ac       0x31 Core/Src/LED_PWM.o
 .ARM.attributes
                0x00000000000000dd       0x31 Core/Src/LED_StateMachine.o
 .ARM.attributes
                0x000000000000010e       0x31 Core/Src/LED_Thermomodel.o
 .ARM.attributes
                0x000000000000013f       0x31 Core/Src/NTC.o
 .ARM.attributes
                0x0000000000000170       0x31 Core/Src/USART_Handler.o
 .ARM.attributes
                0x00000000000001a1       0x31 Core/Src/main.o
 .ARM.attributes
                0x00000000000001d2       0x31 Core/Src/stm32_nrf24l01.o
 .ARM.attributes
                0x0000000000000203       0x31 Core/Src/stm32_nrf24l01_hal.o
 .ARM.attributes
                0x0000000000000234       0x31 Core/Src/stm32f0xx_hal_msp.o
 .ARM.attributes
                0x0000000000000265       0x31 Core/Src/stm32f0xx_it.o
 .ARM.attributes
                0x0000000000000296       0x31 Core/Src/syscalls.o
 .ARM.attributes
                0x00000000000002c7       0x31 Core/Src/sysmem.o
 .ARM.attributes
                0x00000000000002f8       0x31 Core/Src/system_stm32f0xx.o
 .ARM.attributes
                0x0000000000000329       0x21 Core/Startup/startup_stm32f030c8tx.o
 .ARM.attributes
                0x000000000000034a       0x31 Drivers/STM32F0xx_HAL_Driver/Src/stm32f0xx_hal.o
 .ARM.attributes
                0x000000000000037b       0x31 Drivers/STM32F0xx_HAL_Driver/Src/stm32f0xx_hal_adc.o
 .ARM.attributes
                0x00000000000003ac       0x31 Drivers/STM32F0xx_HAL_Driver/Src/stm32f0xx_hal_cortex.o
 .ARM.attributes
                0x00000000000003dd       0x31 Drivers/STM32F0xx_HAL_Driver/Src/stm32f0xx_hal_dma.o
 .ARM.attributes
                0x000000000000040e       0x31 Drivers/STM32F0xx_HAL_Driver/Src/stm32f0xx_hal_gpio.o
 .ARM.attributes
                0x000000000000043f       0x31 Drivers/STM32F0xx_HAL_Driver/Src/stm32f0xx_hal_rcc.o
 .ARM.attributes
                0x0000000000000470       0x31 Drivers/STM32F0xx_HAL_Driver/Src/stm32f0xx_hal_rcc_ex.o
 .ARM.attributes
                0x00000000000004a1       0x31 Drivers/STM32F0xx_HAL_Driver/Src/stm32f0xx_hal_spi.o
 .ARM.attributes
                0x00000000000004d2       0x31 Drivers/STM32F0xx_HAL_Driver/Src/stm32f0xx_hal_tim.o
 .ARM.attributes
                0x0000000000000503       0x31 Drivers/STM32F0xx_HAL_Driver/Src/stm32f0xx_hal_tim_ex.o
 .ARM.attributes
                0x0000000000000534       0x31 Drivers/STM32F0xx_HAL_Driver/Src/stm32f0xx_hal_uart.o
 .ARM.attributes
                0x0000000000000565       0x2c c:/st/stm32cubeide_1.1.0/stm32cubeide/plugins/com.st.stm32cube.ide.mcu.externaltools.gnu-tools-for-stm32.7-2018-q2-update.win32_1.0.0.201904181610/tools/bin/../lib/gcc/arm-none-eabi/7.3.1/../../../../arm-none-eabi/lib/thumb/v6-m\libstdc++_nano.a(new_op.o)
 .ARM.attributes
                0x0000000000000591       0x2c c:/st/stm32cubeide_1.1.0/stm32cubeide/plugins/com.st.stm32cube.ide.mcu.externaltools.gnu-tools-for-stm32.7-2018-q2-update.win32_1.0.0.201904181610/tools/bin/../lib/gcc/arm-none-eabi/7.3.1/../../../../arm-none-eabi/lib/thumb/v6-m\libstdc++_nano.a(new_handler.o)
 .ARM.attributes
                0x00000000000005bd       0x2c c:/st/stm32cubeide_1.1.0/stm32cubeide/plugins/com.st.stm32cube.ide.mcu.externaltools.gnu-tools-for-stm32.7-2018-q2-update.win32_1.0.0.201904181610/tools/bin/../lib/gcc/arm-none-eabi/7.3.1/../../../../arm-none-eabi/lib/thumb/v6-m\libc_nano.a(lib_a-abort.o)
 .ARM.attributes
                0x00000000000005e9       0x2c c:/st/stm32cubeide_1.1.0/stm32cubeide/plugins/com.st.stm32cube.ide.mcu.externaltools.gnu-tools-for-stm32.7-2018-q2-update.win32_1.0.0.201904181610/tools/bin/../lib/gcc/arm-none-eabi/7.3.1/../../../../arm-none-eabi/lib/thumb/v6-m\libc_nano.a(lib_a-errno.o)
 .ARM.attributes
                0x0000000000000615       0x2c c:/st/stm32cubeide_1.1.0/stm32cubeide/plugins/com.st.stm32cube.ide.mcu.externaltools.gnu-tools-for-stm32.7-2018-q2-update.win32_1.0.0.201904181610/tools/bin/../lib/gcc/arm-none-eabi/7.3.1/../../../../arm-none-eabi/lib/thumb/v6-m\libc_nano.a(lib_a-impure.o)
 .ARM.attributes
                0x0000000000000641       0x2c c:/st/stm32cubeide_1.1.0/stm32cubeide/plugins/com.st.stm32cube.ide.mcu.externaltools.gnu-tools-for-stm32.7-2018-q2-update.win32_1.0.0.201904181610/tools/bin/../lib/gcc/arm-none-eabi/7.3.1/../../../../arm-none-eabi/lib/thumb/v6-m\libc_nano.a(lib_a-init.o)
 .ARM.attributes
                0x000000000000066d       0x2c c:/st/stm32cubeide_1.1.0/stm32cubeide/plugins/com.st.stm32cube.ide.mcu.externaltools.gnu-tools-for-stm32.7-2018-q2-update.win32_1.0.0.201904181610/tools/bin/../lib/gcc/arm-none-eabi/7.3.1/../../../../arm-none-eabi/lib/thumb/v6-m\libc_nano.a(lib_a-malloc.o)
 .ARM.attributes
                0x0000000000000699       0x2c c:/st/stm32cubeide_1.1.0/stm32cubeide/plugins/com.st.stm32cube.ide.mcu.externaltools.gnu-tools-for-stm32.7-2018-q2-update.win32_1.0.0.201904181610/tools/bin/../lib/gcc/arm-none-eabi/7.3.1/../../../../arm-none-eabi/lib/thumb/v6-m\libc_nano.a(lib_a-memset.o)
 .ARM.attributes
                0x00000000000006c5       0x2c c:/st/stm32cubeide_1.1.0/stm32cubeide/plugins/com.st.stm32cube.ide.mcu.externaltools.gnu-tools-for-stm32.7-2018-q2-update.win32_1.0.0.201904181610/tools/bin/../lib/gcc/arm-none-eabi/7.3.1/../../../../arm-none-eabi/lib/thumb/v6-m\libc_nano.a(lib_a-nano-mallocr.o)
 .ARM.attributes
                0x00000000000006f1       0x2c c:/st/stm32cubeide_1.1.0/stm32cubeide/plugins/com.st.stm32cube.ide.mcu.externaltools.gnu-tools-for-stm32.7-2018-q2-update.win32_1.0.0.201904181610/tools/bin/../lib/gcc/arm-none-eabi/7.3.1/../../../../arm-none-eabi/lib/thumb/v6-m\libc_nano.a(lib_a-sbrkr.o)
 .ARM.attributes
                0x000000000000071d       0x2c c:/st/stm32cubeide_1.1.0/stm32cubeide/plugins/com.st.stm32cube.ide.mcu.externaltools.gnu-tools-for-stm32.7-2018-q2-update.win32_1.0.0.201904181610/tools/bin/../lib/gcc/arm-none-eabi/7.3.1/../../../../arm-none-eabi/lib/thumb/v6-m\libc_nano.a(lib_a-signal.o)
 .ARM.attributes
                0x0000000000000749       0x2c c:/st/stm32cubeide_1.1.0/stm32cubeide/plugins/com.st.stm32cube.ide.mcu.externaltools.gnu-tools-for-stm32.7-2018-q2-update.win32_1.0.0.201904181610/tools/bin/../lib/gcc/arm-none-eabi/7.3.1/../../../../arm-none-eabi/lib/thumb/v6-m\libc_nano.a(lib_a-signalr.o)
 .ARM.attributes
                0x0000000000000775       0x2c c:/st/stm32cubeide_1.1.0/stm32cubeide/plugins/com.st.stm32cube.ide.mcu.externaltools.gnu-tools-for-stm32.7-2018-q2-update.win32_1.0.0.201904181610/tools/bin/../lib/gcc/arm-none-eabi/7.3.1/../../../../arm-none-eabi/lib/thumb/v6-m\libc_nano.a(lib_a-mlock.o)
 .ARM.attributes
                0x00000000000007a1       0x2c c:/st/stm32cubeide_1.1.0/stm32cubeide/plugins/com.st.stm32cube.ide.mcu.externaltools.gnu-tools-for-stm32.7-2018-q2-update.win32_1.0.0.201904181610/tools/bin/../lib/gcc/arm-none-eabi/7.3.1/../../../../arm-none-eabi/lib/thumb/v6-m\libc_nano.a(lib_a-reent.o)
 .ARM.attributes
                0x00000000000007cd       0x1e c:/st/stm32cubeide_1.1.0/stm32cubeide/plugins/com.st.stm32cube.ide.mcu.externaltools.gnu-tools-for-stm32.7-2018-q2-update.win32_1.0.0.201904181610/tools/bin/../lib/gcc/arm-none-eabi/7.3.1/thumb/v6-m\libgcc.a(_udivsi3.o)
 .ARM.attributes
                0x00000000000007eb       0x1e c:/st/stm32cubeide_1.1.0/stm32cubeide/plugins/com.st.stm32cube.ide.mcu.externaltools.gnu-tools-for-stm32.7-2018-q2-update.win32_1.0.0.201904181610/tools/bin/../lib/gcc/arm-none-eabi/7.3.1/thumb/v6-m\libgcc.a(_divsi3.o)
 .ARM.attributes
                0x0000000000000809       0x1e c:/st/stm32cubeide_1.1.0/stm32cubeide/plugins/com.st.stm32cube.ide.mcu.externaltools.gnu-tools-for-stm32.7-2018-q2-update.win32_1.0.0.201904181610/tools/bin/../lib/gcc/arm-none-eabi/7.3.1/thumb/v6-m\libgcc.a(_dvmd_tls.o)
 .ARM.attributes
                0x0000000000000827       0x1e c:/st/stm32cubeide_1.1.0/stm32cubeide/plugins/com.st.stm32cube.ide.mcu.externaltools.gnu-tools-for-stm32.7-2018-q2-update.win32_1.0.0.201904181610/tools/bin/../lib/gcc/arm-none-eabi/7.3.1/thumb/v6-m\libgcc.a(_arm_cmpsf2.o)
 .ARM.attributes
                0x0000000000000845       0x2c c:/st/stm32cubeide_1.1.0/stm32cubeide/plugins/com.st.stm32cube.ide.mcu.externaltools.gnu-tools-for-stm32.7-2018-q2-update.win32_1.0.0.201904181610/tools/bin/../lib/gcc/arm-none-eabi/7.3.1/thumb/v6-m\libgcc.a(_fixunsdfsi.o)
 .ARM.attributes
                0x0000000000000871       0x2c c:/st/stm32cubeide_1.1.0/stm32cubeide/plugins/com.st.stm32cube.ide.mcu.externaltools.gnu-tools-for-stm32.7-2018-q2-update.win32_1.0.0.201904181610/tools/bin/../lib/gcc/arm-none-eabi/7.3.1/thumb/v6-m\libgcc.a(eqsf2.o)
 .ARM.attributes
                0x000000000000089d       0x2c c:/st/stm32cubeide_1.1.0/stm32cubeide/plugins/com.st.stm32cube.ide.mcu.externaltools.gnu-tools-for-stm32.7-2018-q2-update.win32_1.0.0.201904181610/tools/bin/../lib/gcc/arm-none-eabi/7.3.1/thumb/v6-m\libgcc.a(gesf2.o)
 .ARM.attributes
                0x00000000000008c9       0x2c c:/st/stm32cubeide_1.1.0/stm32cubeide/plugins/com.st.stm32cube.ide.mcu.externaltools.gnu-tools-for-stm32.7-2018-q2-update.win32_1.0.0.201904181610/tools/bin/../lib/gcc/arm-none-eabi/7.3.1/thumb/v6-m\libgcc.a(lesf2.o)
 .ARM.attributes
                0x00000000000008f5       0x2c c:/st/stm32cubeide_1.1.0/stm32cubeide/plugins/com.st.stm32cube.ide.mcu.externaltools.gnu-tools-for-stm32.7-2018-q2-update.win32_1.0.0.201904181610/tools/bin/../lib/gcc/arm-none-eabi/7.3.1/thumb/v6-m\libgcc.a(subsf3.o)
 .ARM.attributes
                0x0000000000000921       0x2c c:/st/stm32cubeide_1.1.0/stm32cubeide/plugins/com.st.stm32cube.ide.mcu.externaltools.gnu-tools-for-stm32.7-2018-q2-update.win32_1.0.0.201904181610/tools/bin/../lib/gcc/arm-none-eabi/7.3.1/thumb/v6-m\libgcc.a(floatsisf.o)
 .ARM.attributes
                0x000000000000094d       0x2c c:/st/stm32cubeide_1.1.0/stm32cubeide/plugins/com.st.stm32cube.ide.mcu.externaltools.gnu-tools-for-stm32.7-2018-q2-update.win32_1.0.0.201904181610/tools/bin/../lib/gcc/arm-none-eabi/7.3.1/thumb/v6-m\libgcc.a(floatunsisf.o)
 .ARM.attributes
                0x0000000000000979       0x2c c:/st/stm32cubeide_1.1.0/stm32cubeide/plugins/com.st.stm32cube.ide.mcu.externaltools.gnu-tools-for-stm32.7-2018-q2-update.win32_1.0.0.201904181610/tools/bin/../lib/gcc/arm-none-eabi/7.3.1/thumb/v6-m\libgcc.a(adddf3.o)
 .ARM.attributes
                0x00000000000009a5       0x2c c:/st/stm32cubeide_1.1.0/stm32cubeide/plugins/com.st.stm32cube.ide.mcu.externaltools.gnu-tools-for-stm32.7-2018-q2-update.win32_1.0.0.201904181610/tools/bin/../lib/gcc/arm-none-eabi/7.3.1/thumb/v6-m\libgcc.a(divdf3.o)
 .ARM.attributes
                0x00000000000009d1       0x2c c:/st/stm32cubeide_1.1.0/stm32cubeide/plugins/com.st.stm32cube.ide.mcu.externaltools.gnu-tools-for-stm32.7-2018-q2-update.win32_1.0.0.201904181610/tools/bin/../lib/gcc/arm-none-eabi/7.3.1/thumb/v6-m\libgcc.a(muldf3.o)
 .ARM.attributes
                0x00000000000009fd       0x2c c:/st/stm32cubeide_1.1.0/stm32cubeide/plugins/com.st.stm32cube.ide.mcu.externaltools.gnu-tools-for-stm32.7-2018-q2-update.win32_1.0.0.201904181610/tools/bin/../lib/gcc/arm-none-eabi/7.3.1/thumb/v6-m\libgcc.a(subdf3.o)
 .ARM.attributes
                0x0000000000000a29       0x2c c:/st/stm32cubeide_1.1.0/stm32cubeide/plugins/com.st.stm32cube.ide.mcu.externaltools.gnu-tools-for-stm32.7-2018-q2-update.win32_1.0.0.201904181610/tools/bin/../lib/gcc/arm-none-eabi/7.3.1/thumb/v6-m\libgcc.a(fixdfsi.o)
 .ARM.attributes
                0x0000000000000a55       0x2c c:/st/stm32cubeide_1.1.0/stm32cubeide/plugins/com.st.stm32cube.ide.mcu.externaltools.gnu-tools-for-stm32.7-2018-q2-update.win32_1.0.0.201904181610/tools/bin/../lib/gcc/arm-none-eabi/7.3.1/thumb/v6-m\libgcc.a(extendsfdf2.o)
 .ARM.attributes
                0x0000000000000a81       0x2c c:/st/stm32cubeide_1.1.0/stm32cubeide/plugins/com.st.stm32cube.ide.mcu.externaltools.gnu-tools-for-stm32.7-2018-q2-update.win32_1.0.0.201904181610/tools/bin/../lib/gcc/arm-none-eabi/7.3.1/thumb/v6-m\libgcc.a(truncdfsf2.o)
 .ARM.attributes
                0x0000000000000aad       0x1e c:/st/stm32cubeide_1.1.0/stm32cubeide/plugins/com.st.stm32cube.ide.mcu.externaltools.gnu-tools-for-stm32.7-2018-q2-update.win32_1.0.0.201904181610/tools/bin/../lib/gcc/arm-none-eabi/7.3.1/thumb/v6-m\libgcc.a(_arm_cmpdf2.o)
 .ARM.attributes
                0x0000000000000acb       0x1e c:/st/stm32cubeide_1.1.0/stm32cubeide/plugins/com.st.stm32cube.ide.mcu.externaltools.gnu-tools-for-stm32.7-2018-q2-update.win32_1.0.0.201904181610/tools/bin/../lib/gcc/arm-none-eabi/7.3.1/thumb/v6-m\libgcc.a(_clzsi2.o)
 .ARM.attributes
                0x0000000000000ae9       0x2c c:/st/stm32cubeide_1.1.0/stm32cubeide/plugins/com.st.stm32cube.ide.mcu.externaltools.gnu-tools-for-stm32.7-2018-q2-update.win32_1.0.0.201904181610/tools/bin/../lib/gcc/arm-none-eabi/7.3.1/thumb/v6-m\libgcc.a(eqdf2.o)
 .ARM.attributes
                0x0000000000000b15       0x2c c:/st/stm32cubeide_1.1.0/stm32cubeide/plugins/com.st.stm32cube.ide.mcu.externaltools.gnu-tools-for-stm32.7-2018-q2-update.win32_1.0.0.201904181610/tools/bin/../lib/gcc/arm-none-eabi/7.3.1/thumb/v6-m\libgcc.a(gedf2.o)
 .ARM.attributes
                0x0000000000000b41       0x2c c:/st/stm32cubeide_1.1.0/stm32cubeide/plugins/com.st.stm32cube.ide.mcu.externaltools.gnu-tools-for-stm32.7-2018-q2-update.win32_1.0.0.201904181610/tools/bin/../lib/gcc/arm-none-eabi/7.3.1/thumb/v6-m\libgcc.a(ledf2.o)
 .ARM.attributes
                0x0000000000000b6d       0x1e c:/st/stm32cubeide_1.1.0/stm32cubeide/plugins/com.st.stm32cube.ide.mcu.externaltools.gnu-tools-for-stm32.7-2018-q2-update.win32_1.0.0.201904181610/tools/bin/../lib/gcc/arm-none-eabi/7.3.1/thumb/v6-m/crtn.o
OUTPUT(LED_Strahler.elf elf32-littlearm)

.debug_info     0x0000000000000000    0x12a73
 .debug_info    0x0000000000000000      0x660 Core/Src/FAN_PWM.o
 .debug_info    0x0000000000000660      0xb60 Core/Src/LED_NRF24L01.o
 .debug_info    0x00000000000011c0      0x90d Core/Src/LED_PWM.o
 .debug_info    0x0000000000001acd      0xf9f Core/Src/LED_StateMachine.o
 .debug_info    0x0000000000002a6c      0x275 Core/Src/LED_Thermomodel.o
 .debug_info    0x0000000000002ce1      0x672 Core/Src/NTC.o
 .debug_info    0x0000000000003353      0xa83 Core/Src/USART_Handler.o
 .debug_info    0x0000000000003dd6     0x16d3 Core/Src/main.o
 .debug_info    0x00000000000054a9      0x7f4 Core/Src/stm32_nrf24l01.o
 .debug_info    0x0000000000005c9d      0x6c4 Core/Src/stm32_nrf24l01_hal.o
 .debug_info    0x0000000000006361     0x1305 Core/Src/stm32f0xx_hal_msp.o
 .debug_info    0x0000000000007666      0x417 Core/Src/stm32f0xx_it.o
 .debug_info    0x0000000000007a7d      0xebd Core/Src/syscalls.o
 .debug_info    0x000000000000893a      0x91c Core/Src/sysmem.o
 .debug_info    0x0000000000009256      0x29e Core/Src/system_stm32f0xx.o
 .debug_info    0x00000000000094f4       0x22 Core/Startup/startup_stm32f030c8tx.o
 .debug_info    0x0000000000009516      0x685 Drivers/STM32F0xx_HAL_Driver/Src/stm32f0xx_hal.o
 .debug_info    0x0000000000009b9b      0xc9f Drivers/STM32F0xx_HAL_Driver/Src/stm32f0xx_hal_adc.o
 .debug_info    0x000000000000a83a      0x762 Drivers/STM32F0xx_HAL_Driver/Src/stm32f0xx_hal_cortex.o
 .debug_info    0x000000000000af9c      0x79f Drivers/STM32F0xx_HAL_Driver/Src/stm32f0xx_hal_dma.o
 .debug_info    0x000000000000b73b      0x665 Drivers/STM32F0xx_HAL_Driver/Src/stm32f0xx_hal_gpio.o
 .debug_info    0x000000000000bda0      0x80a Drivers/STM32F0xx_HAL_Driver/Src/stm32f0xx_hal_rcc.o
 .debug_info    0x000000000000c5aa      0x3cb Drivers/STM32F0xx_HAL_Driver/Src/stm32f0xx_hal_rcc_ex.o
 .debug_info    0x000000000000c975     0x15ec Drivers/STM32F0xx_HAL_Driver/Src/stm32f0xx_hal_spi.o
 .debug_info    0x000000000000df61     0x2522 Drivers/STM32F0xx_HAL_Driver/Src/stm32f0xx_hal_tim.o
 .debug_info    0x0000000000010483     0x10e6 Drivers/STM32F0xx_HAL_Driver/Src/stm32f0xx_hal_tim_ex.o
 .debug_info    0x0000000000011569     0x150a Drivers/STM32F0xx_HAL_Driver/Src/stm32f0xx_hal_uart.o

.debug_abbrev   0x0000000000000000     0x319d
 .debug_abbrev  0x0000000000000000      0x196 Core/Src/FAN_PWM.o
 .debug_abbrev  0x0000000000000196      0x225 Core/Src/LED_NRF24L01.o
 .debug_abbrev  0x00000000000003bb      0x1f5 Core/Src/LED_PWM.o
 .debug_abbrev  0x00000000000005b0      0x2d6 Core/Src/LED_StateMachine.o
 .debug_abbrev  0x0000000000000886       0xeb Core/Src/LED_Thermomodel.o
 .debug_abbrev  0x0000000000000971      0x154 Core/Src/NTC.o
 .debug_abbrev  0x0000000000000ac5      0x276 Core/Src/USART_Handler.o
 .debug_abbrev  0x0000000000000d3b      0x237 Core/Src/main.o
 .debug_abbrev  0x0000000000000f72      0x24b Core/Src/stm32_nrf24l01.o
 .debug_abbrev  0x00000000000011bd      0x16b Core/Src/stm32_nrf24l01_hal.o
 .debug_abbrev  0x0000000000001328      0x1ef Core/Src/stm32f0xx_hal_msp.o
 .debug_abbrev  0x0000000000001517      0x120 Core/Src/stm32f0xx_it.o
 .debug_abbrev  0x0000000000001637      0x261 Core/Src/syscalls.o
 .debug_abbrev  0x0000000000001898      0x1bb Core/Src/sysmem.o
 .debug_abbrev  0x0000000000001a53      0x12b Core/Src/system_stm32f0xx.o
 .debug_abbrev  0x0000000000001b7e       0x12 Core/Startup/startup_stm32f030c8tx.o
 .debug_abbrev  0x0000000000001b90      0x1f2 Drivers/STM32F0xx_HAL_Driver/Src/stm32f0xx_hal.o
 .debug_abbrev  0x0000000000001d82      0x1cf Drivers/STM32F0xx_HAL_Driver/Src/stm32f0xx_hal_adc.o
 .debug_abbrev  0x0000000000001f51      0x273 Drivers/STM32F0xx_HAL_Driver/Src/stm32f0xx_hal_cortex.o
 .debug_abbrev  0x00000000000021c4      0x1ed Drivers/STM32F0xx_HAL_Driver/Src/stm32f0xx_hal_dma.o
 .debug_abbrev  0x00000000000023b1      0x1c0 Drivers/STM32F0xx_HAL_Driver/Src/stm32f0xx_hal_gpio.o
 .debug_abbrev  0x0000000000002571      0x20f Drivers/STM32F0xx_HAL_Driver/Src/stm32f0xx_hal_rcc.o
 .debug_abbrev  0x0000000000002780      0x175 Drivers/STM32F0xx_HAL_Driver/Src/stm32f0xx_hal_rcc_ex.o
 .debug_abbrev  0x00000000000028f5      0x228 Drivers/STM32F0xx_HAL_Driver/Src/stm32f0xx_hal_spi.o
 .debug_abbrev  0x0000000000002b1d      0x23f Drivers/STM32F0xx_HAL_Driver/Src/stm32f0xx_hal_tim.o
 .debug_abbrev  0x0000000000002d5c      0x22d Drivers/STM32F0xx_HAL_Driver/Src/stm32f0xx_hal_tim_ex.o
 .debug_abbrev  0x0000000000002f89      0x214 Drivers/STM32F0xx_HAL_Driver/Src/stm32f0xx_hal_uart.o

.debug_aranges  0x0000000000000000     0x12b8
 .debug_aranges
                0x0000000000000000       0x28 Core/Src/FAN_PWM.o
 .debug_aranges
                0x0000000000000028       0x90 Core/Src/LED_NRF24L01.o
 .debug_aranges
                0x00000000000000b8       0x58 Core/Src/LED_PWM.o
 .debug_aranges
                0x0000000000000110       0x98 Core/Src/LED_StateMachine.o
 .debug_aranges
                0x00000000000001a8       0x30 Core/Src/LED_Thermomodel.o
 .debug_aranges
                0x00000000000001d8       0x28 Core/Src/NTC.o
 .debug_aranges
                0x0000000000000200       0x58 Core/Src/USART_Handler.o
 .debug_aranges
                0x0000000000000258       0x78 Core/Src/main.o
 .debug_aranges
                0x00000000000002d0       0xe0 Core/Src/stm32_nrf24l01.o
 .debug_aranges
                0x00000000000003b0       0x38 Core/Src/stm32_nrf24l01_hal.o
 .debug_aranges
                0x00000000000003e8       0x68 Core/Src/stm32f0xx_hal_msp.o
 .debug_aranges
                0x0000000000000450       0x58 Core/Src/stm32f0xx_it.o
 .debug_aranges
                0x00000000000004a8       0xa8 Core/Src/syscalls.o
 .debug_aranges
                0x0000000000000550       0x20 Core/Src/sysmem.o
 .debug_aranges
                0x0000000000000570       0x28 Core/Src/system_stm32f0xx.o
 .debug_aranges
                0x0000000000000598       0x28 Core/Startup/startup_stm32f030c8tx.o
 .debug_aranges
                0x00000000000005c0       0xd0 Drivers/STM32F0xx_HAL_Driver/Src/stm32f0xx_hal.o
 .debug_aranges
                0x0000000000000690       0xf8 Drivers/STM32F0xx_HAL_Driver/Src/stm32f0xx_hal_adc.o
 .debug_aranges
                0x0000000000000788       0xc0 Drivers/STM32F0xx_HAL_Driver/Src/stm32f0xx_hal_cortex.o
 .debug_aranges
                0x0000000000000848       0x88 Drivers/STM32F0xx_HAL_Driver/Src/stm32f0xx_hal_dma.o
 .debug_aranges
                0x00000000000008d0       0x58 Drivers/STM32F0xx_HAL_Driver/Src/stm32f0xx_hal_gpio.o
 .debug_aranges
                0x0000000000000928       0x80 Drivers/STM32F0xx_HAL_Driver/Src/stm32f0xx_hal_rcc.o
 .debug_aranges
                0x00000000000009a8       0x30 Drivers/STM32F0xx_HAL_Driver/Src/stm32f0xx_hal_rcc_ex.o
 .debug_aranges
                0x00000000000009d8      0x1d8 Drivers/STM32F0xx_HAL_Driver/Src/stm32f0xx_hal_spi.o
 .debug_aranges
                0x0000000000000bb0      0x3b8 Drivers/STM32F0xx_HAL_Driver/Src/stm32f0xx_hal_tim.o
 .debug_aranges
                0x0000000000000f68      0x150 Drivers/STM32F0xx_HAL_Driver/Src/stm32f0xx_hal_tim_ex.o
 .debug_aranges
                0x00000000000010b8      0x200 Drivers/STM32F0xx_HAL_Driver/Src/stm32f0xx_hal_uart.o

.debug_ranges   0x0000000000000000     0x1110
 .debug_ranges  0x0000000000000000       0x18 Core/Src/FAN_PWM.o
 .debug_ranges  0x0000000000000018       0x80 Core/Src/LED_NRF24L01.o
 .debug_ranges  0x0000000000000098       0x48 Core/Src/LED_PWM.o
 .debug_ranges  0x00000000000000e0       0x88 Core/Src/LED_StateMachine.o
 .debug_ranges  0x0000000000000168       0x20 Core/Src/LED_Thermomodel.o
 .debug_ranges  0x0000000000000188       0x18 Core/Src/NTC.o
 .debug_ranges  0x00000000000001a0       0x48 Core/Src/USART_Handler.o
 .debug_ranges  0x00000000000001e8       0x68 Core/Src/main.o
 .debug_ranges  0x0000000000000250       0xd0 Core/Src/stm32_nrf24l01.o
 .debug_ranges  0x0000000000000320       0x28 Core/Src/stm32_nrf24l01_hal.o
 .debug_ranges  0x0000000000000348       0x58 Core/Src/stm32f0xx_hal_msp.o
 .debug_ranges  0x00000000000003a0       0x48 Core/Src/stm32f0xx_it.o
 .debug_ranges  0x00000000000003e8       0x98 Core/Src/syscalls.o
 .debug_ranges  0x0000000000000480       0x10 Core/Src/sysmem.o
 .debug_ranges  0x0000000000000490       0x18 Core/Src/system_stm32f0xx.o
 .debug_ranges  0x00000000000004a8       0x20 Core/Startup/startup_stm32f030c8tx.o
 .debug_ranges  0x00000000000004c8       0xc0 Drivers/STM32F0xx_HAL_Driver/Src/stm32f0xx_hal.o
 .debug_ranges  0x0000000000000588       0xe8 Drivers/STM32F0xx_HAL_Driver/Src/stm32f0xx_hal_adc.o
 .debug_ranges  0x0000000000000670       0xb0 Drivers/STM32F0xx_HAL_Driver/Src/stm32f0xx_hal_cortex.o
 .debug_ranges  0x0000000000000720       0x78 Drivers/STM32F0xx_HAL_Driver/Src/stm32f0xx_hal_dma.o
 .debug_ranges  0x0000000000000798       0x48 Drivers/STM32F0xx_HAL_Driver/Src/stm32f0xx_hal_gpio.o
 .debug_ranges  0x00000000000007e0       0x70 Drivers/STM32F0xx_HAL_Driver/Src/stm32f0xx_hal_rcc.o
 .debug_ranges  0x0000000000000850       0x20 Drivers/STM32F0xx_HAL_Driver/Src/stm32f0xx_hal_rcc_ex.o
 .debug_ranges  0x0000000000000870      0x1c8 Drivers/STM32F0xx_HAL_Driver/Src/stm32f0xx_hal_spi.o
 .debug_ranges  0x0000000000000a38      0x3a8 Drivers/STM32F0xx_HAL_Driver/Src/stm32f0xx_hal_tim.o
 .debug_ranges  0x0000000000000de0      0x140 Drivers/STM32F0xx_HAL_Driver/Src/stm32f0xx_hal_tim_ex.o
 .debug_ranges  0x0000000000000f20      0x1f0 Drivers/STM32F0xx_HAL_Driver/Src/stm32f0xx_hal_uart.o

.debug_macro    0x0000000000000000    0x1130b
 .debug_macro   0x0000000000000000      0x1ff Core/Src/FAN_PWM.o
 .debug_macro   0x00000000000001ff      0xb1a Core/Src/FAN_PWM.o
 .debug_macro   0x0000000000000d19      0x13f Core/Src/FAN_PWM.o
 .debug_macro   0x0000000000000e58       0x2e Core/Src/FAN_PWM.o
 .debug_macro   0x0000000000000e86       0x22 Core/Src/FAN_PWM.o