stm32_nrf24l01.c:47:6:NRF24L01_InitPins	8	static
stm32_nrf24l01.c:55:9:NRF24L01_Init	16	static
stm32_nrf24l01.c:131:6:NRF24L01_SetMyAddress	16	static
stm32_nrf24l01.c:137:6:NRF24L01_SetTxAddress	16	static
stm32_nrf24l01.c:142:6:NRF24L01_WriteBit	24	static
stm32_nrf24l01.c:156:9:NRF24L01_ReadBit	24	static
stm32_nrf24l01.c:165:9:NRF24L01_ReadRegister	24	static
stm32_nrf24l01.c:175:6:NRF24L01_ReadRegisterMulti	16	static
stm32_nrf24l01.c:183:9:NRF24L01_WriteRegister	24	static
stm32_nrf24l01.c:194:6:NRF24L01_WriteRegisterMulti	16	static
stm32_nrf24l01.c:201:6:NRF24L01_PowerUpTx	8	static
stm32_nrf24l01.c:214:6:NRF24L01_PowerUpRx	8	static
stm32_nrf24l01.c:227:6:NRF24L01_PowerDown	8	static
stm32_nrf24l01.c:232:6:NRF24L01_Transmit	24	static
stm32_nrf24l01.c:258:6:NRF24L01_GetData	16	static
stm32_nrf24l01.c:272:9:NRF24L01_DataReady	16	static
stm32_nrf24l01.c:281:9:NRF24L01_RxFifoEmpty	16	static
stm32_nrf24l01.c:286:9:NRF24L01_GetStatus	16	static
stm32_nrf24l01.c:298:28:NRF24L01_GetTransmissionStatus	16	static
stm32_nrf24l01.c:312:6:NRF24L01_SoftwareReset	16	static
stm32_nrf24l01.c:376:9:NRF24L01_GetRetransmissionsCount	8	static
stm32_nrf24l01.c:381:6:NRF24L01_SetChannel	16	static
stm32_nrf24l01.c:390:6:NRF24L01_SetRF	24	static
stm32_nrf24l01.c:413:9:NRF24L01_Read_Interrupts	16	static
stm32_nrf24l01.c:418:9:NRF24L01_Clear_Interrupts	8	static
