stm32_nrf24l01.c:47:6:NRF24L01_InitPins	8	static
stm32_nrf24l01.c:125:6:NRF24L01_SetMyAddress	24	static
stm32_nrf24l01.c:131:6:NRF24L01_SetTxAddress	16	static
stm32_nrf24l01.c:136:6:NRF24L01_WriteBit	24	static
stm32_nrf24l01.c:150:9:NRF24L01_ReadBit	16	static
stm32_nrf24l01.c:159:9:NRF24L01_ReadRegister	16	static
stm32_nrf24l01.c:169:6:NRF24L01_ReadRegisterMulti	24	static
stm32_nrf24l01.c:176:6:NRF24L01_WriteRegister	16	static
stm32_nrf24l01.c:183:6:NRF24L01_WriteRegisterMulti	24	static
stm32_nrf24l01.c:190:6:NRF24L01_PowerUpTx	8	static
stm32_nrf24l01.c:195:6:NRF24L01_PowerUpRx	16	static
stm32_nrf24l01.c:208:6:NRF24L01_PowerDown	16	static
stm32_nrf24l01.c:213:6:NRF24L01_Transmit	24	static
stm32_nrf24l01.c:238:6:NRF24L01_GetData	16	static
stm32_nrf24l01.c:252:9:NRF24L01_DataReady	16	static
stm32_nrf24l01.c:261:9:NRF24L01_RxFifoEmpty	16	static
stm32_nrf24l01.c:266:9:NRF24L01_GetStatus	16	static
stm32_nrf24l01.c:278:28:NRF24L01_GetTransmissionStatus	8	static
stm32_nrf24l01.c:292:6:NRF24L01_SoftwareReset	24	static
stm32_nrf24l01.c:55:9:NRF24L01_Init	16	static
stm32_nrf24l01.c:346:9:NRF24L01_GetRetransmissionsCount	16	static
stm32_nrf24l01.c:351:6:NRF24L01_SetChannel	8	static
stm32_nrf24l01.c:360:6:NRF24L01_SetRF	8	static
stm32_nrf24l01.c:383:9:NRF24L01_Read_Interrupts	16	static
stm32_nrf24l01.c:388:6:NRF24L01_Clear_Interrupts	8	static
