USART_Handler.h:46:15:void USART_Handler::Println(const char*)	16	static
LED_StateMachine.cpp:56:6:void LED_StateMachine_Init()	24	static
LED_StateMachine.cpp:70:6:void LED_StateMachine_Handle()	8	static,ignoring_inline_asm
LED_StateMachine.cpp:182:6:void LED_CopyRGB(uint16_t, uint16_t, uint16_t)	24	static
LED_StateMachine.cpp:207:13:void LED_CopyRGW(uint16_t, uint16_t, uint16_t, uint16_t)	24	static
LED_StateMachine.cpp:223:13:void LED_CopyHSV(uint16_t, uint16_t, uint16_t)	24	static
LED_StateMachine.cpp:232:6:void LED_SetModeRGB(uint16_t, uint16_t, uint16_t)	24	static
LED_StateMachine.cpp:241:6:void LED_SetModeRGBW(uint16_t, uint16_t, uint16_t, uint16_t)	24	static
LED_StateMachine.cpp:250:6:void LED_SetModeHSV(uint16_t, uint16_t, uint16_t)	24	static
LED_StateMachine.cpp:261:6:void LED_SetModeStrobeRGB(uint8_t, uint8_t, uint16_t, uint16_t, uint16_t)	24	static
LED_StateMachine.cpp:276:6:void LED_SetModeStrobeRGBW(uint8_t, uint8_t, uint16_t, uint16_t, uint16_t, uint16_t)	24	static
LED_StateMachine.cpp:291:6:void LED_SetModeStrobeHSV(uint8_t, uint8_t, uint16_t, uint16_t, uint16_t)	24	static
LED_StateMachine.cpp:308:6:void LED_SetModeFadeHue(uint16_t, uint16_t, uint16_t, uint16_t, uint16_t)	24	static
LED_StateMachine.cpp:321:6:void LED_SetModeFadeSaturation(uint16_t, uint16_t, uint16_t, uint16_t, uint16_t)	24	static
LED_StateMachine.cpp:334:6:void LED_SetModeFadeValue(uint16_t, uint16_t, uint16_t, uint16_t, uint16_t)	24	static
LED_StateMachine.cpp:347:6:void SetHSV(uint16_t, uint16_t, uint16_t)	32	static
