LED_NRF24L01.cpp:48:6:void LED_NRF24L01_Init()	16	static
LED_NRF24L01.cpp:79:6:void HAL_GPIO_EXTI_Callback(uint16_t)	16	static
LED_NRF24L01.cpp:88:6:void LED_NRF24L01_IRQ()	32	static
LED_NRF24L01.cpp:163:6:void LED_NRF24L01_WaitTx(uint8_t)	32	static
LED_NRF24L01.cpp:181:6:void LED_NRF24L01_Send(uint8_t*)	16	static
LED_NRF24L01.cpp:193:13:void Exec_PingRequest(NRF24L01_PingRequest&)	24	static
LED_NRF24L01.cpp:215:13:void Exec_SetGroup(NRF24L01_SetGroup&)	16	static
LED_NRF24L01.cpp:225:13:void Exec_SetTimebase(NRF24L01_SetTimebase&)	16	static
LED_NRF24L01.cpp:232:13:void Exec_SetRGB(NRF24L01_SetRGB&)	16	static
LED_NRF24L01.cpp:242:13:void Exec_SetRGBW(NRF24L01_SetRGBW&)	24	static
LED_NRF24L01.cpp:252:13:void Exec_SetHSV(NRF24L01_SetHSV&)	16	static
LED_NRF24L01.cpp:262:13:void Exec_StrobeRGB(NRF24L01_StrobeRGB&)	32	static
LED_NRF24L01.cpp:272:13:void Exec_StrobeRGBW(NRF24L01_StrobeRGBW&)	40	static
LED_NRF24L01.cpp:282:13:void Exec_StrobeHSV(NRF24L01_StrobeHSV&)	32	static
LED_NRF24L01.cpp:292:13:void Exec_FadeHue(NRF24L01_FadeHue&)	32	static
LED_NRF24L01.cpp:302:13:void Exec_FadeSaturation(NRF24L01_FadeSaturation&)	32	static
LED_NRF24L01.cpp:312:13:void Exec_FadeValue(NRF24L01_FadeValue&)	32	static
LED_NRF24L01.cpp:322:13:void Exec_GetTempertaure(NRF24L01_GetTemperature&)	24	static
