LED_StateMachine.cpp:57:6:void LED_StateMachine_Init()	16	static
LED_StateMachine.cpp:69:6:void LED_StateMachine_Handle()	16	static,ignoring_inline_asm
LED_StateMachine.cpp:214:6:void LED_CopyRGB(uint16_t, uint16_t, uint16_t)	24	static
LED_StateMachine.cpp:239:13:void LED_CopyRGBW(uint16_t, uint16_t, uint16_t, uint16_t)	24	static
LED_StateMachine.cpp:255:13:void LED_CopyHSV(uint16_t, uint16_t, uint16_t)	24	static
LED_StateMachine.cpp:264:6:void LED_UpdateTimebase(uint32_t)	24	static
LED_StateMachine.cpp:273:6:void LED_SetModeRGB(uint16_t, uint16_t, uint16_t)	24	static
LED_StateMachine.cpp:282:6:void LED_SetModeRGBW(uint16_t, uint16_t, uint16_t, uint16_t)	24	static
LED_StateMachine.cpp:291:6:void LED_SetModeHSV(uint16_t, uint16_t, uint16_t)	24	static
LED_StateMachine.cpp:302:6:void LED_SetModeStrobeRGB(uint8_t, uint8_t, uint16_t, uint16_t, uint16_t)	24	static
LED_StateMachine.cpp:318:6:void LED_SetModeStrobeRGBW(uint8_t, uint8_t, uint16_t, uint16_t, uint16_t, uint16_t)	24	static
LED_StateMachine.cpp:334:6:void LED_SetModeStrobeHSV(uint8_t, uint8_t, uint16_t, uint16_t, uint16_t)	24	static
LED_StateMachine.cpp:352:6:void LED_SetModeFadeHue(uint16_t, uint16_t, uint16_t, uint16_t, uint16_t)	24	static
LED_StateMachine.cpp:366:6:void LED_SetModeFadeSaturation(uint16_t, uint16_t, uint16_t, uint16_t, uint16_t)	24	static
LED_StateMachine.cpp:380:6:void LED_SetModeFadeValue(uint16_t, uint16_t, uint16_t, uint16_t, uint16_t)	24	static
LED_StateMachine.cpp:394:6:void SetHSV(uint16_t, uint16_t, uint16_t)	32	static
