LED_StateMachine.cpp:57:6:void LED_StateMachine_Init()	16	static
LED_StateMachine.cpp:69:6:void LED_StateMachine_Handle()	16	static,ignoring_inline_asm
LED_StateMachine.cpp:216:6:void LED_CopyRGB(uint16_t, uint16_t, uint16_t)	24	static
LED_StateMachine.cpp:241:13:void LED_CopyRGBW(uint16_t, uint16_t, uint16_t, uint16_t)	24	static
LED_StateMachine.cpp:257:13:void LED_CopyHSV(uint16_t, uint16_t, uint16_t)	24	static
LED_StateMachine.cpp:266:6:void LED_UpdateTimebase(uint32_t)	24	static
LED_StateMachine.cpp:275:6:void LED_SetModeRGB(uint16_t, uint16_t, uint16_t)	24	static
LED_StateMachine.cpp:284:6:void LED_SetModeRGBW(uint16_t, uint16_t, uint16_t, uint16_t)	24	static
LED_StateMachine.cpp:293:6:void LED_SetModeHSV(uint16_t, uint16_t, uint16_t)	24	static
LED_StateMachine.cpp:304:6:void LED_SetModeStrobeRGB(uint8_t, uint8_t, uint16_t, uint16_t, uint16_t)	24	static
LED_StateMachine.cpp:320:6:void LED_SetModeStrobeRGBW(uint8_t, uint8_t, uint16_t, uint16_t, uint16_t, uint16_t)	24	static
LED_StateMachine.cpp:336:6:void LED_SetModeStrobeHSV(uint8_t, uint8_t, uint16_t, uint16_t, uint16_t)	24	static
LED_StateMachine.cpp:354:6:void LED_SetModeFadeHue(uint16_t, uint16_t, uint16_t, uint16_t, uint16_t)	24	static
LED_StateMachine.cpp:368:6:void LED_SetModeFadeSaturation(uint16_t, uint16_t, uint16_t, uint16_t, uint16_t)	24	static
LED_StateMachine.cpp:382:6:void LED_SetModeFadeValue(uint16_t, uint16_t, uint16_t, uint16_t, uint16_t)	24	static
LED_StateMachine.cpp:396:6:void SetHSV(uint16_t, uint16_t, uint16_t)	40	static
