LED_NRF24L01.cpp:48:6:void LED_NRF24L01_Init()	16	static
LED_NRF24L01.cpp:75:6:void HAL_GPIO_EXTI_Callback(uint16_t)	16	static
LED_NRF24L01.cpp:84:6:void LED_NRF24L01_IRQ()	24	static
LED_NRF24L01.cpp:156:13:void Exec_PingRequest(NRF24L01_PingRequest)	24	static
LED_NRF24L01.cpp:184:13:void Exec_SetGroup(NRF24L01_SetGroup)	16	static
LED_NRF24L01.cpp:194:13:void Exec_SetTimebase(NRF24L01_SetTimebase)	16	static
LED_NRF24L01.cpp:201:13:void Exec_SetRGB(NRF24L01_SetRGB)	16	static
LED_NRF24L01.cpp:211:13:void Exec_SetRGBW(NRF24L01_SetRGBW)	24	static
LED_NRF24L01.cpp:221:13:void Exec_SetHSV(NRF24L01_SetHSV)	16	static
LED_NRF24L01.cpp:231:13:void Exec_StrobeRGB(NRF24L01_StrobeRGB)	40	static
LED_NRF24L01.cpp:241:13:void Exec_StrobeRGBW(NRF24L01_StrobeRGBW)	40	static
LED_NRF24L01.cpp:251:13:void Exec_StrobeHSV(NRF24L01_StrobeHSV)	40	static
LED_NRF24L01.cpp:261:13:void Exec_FadeHue(NRF24L01_FadeHue)	40	static
LED_NRF24L01.cpp:271:13:void Exec_FadeSaturation(NRF24L01_FadeSaturation)	40	static
LED_NRF24L01.cpp:291:13:void Exec_GetTempertaure(NRF24L01_GetTemperature)	24	static
