USART_Handler.h:46:15:void USART_Handler::Println(const char*)	16	static
LED_StateMachine.cpp:56:6:void LED_StateMachine_Init()	24	static
LED_StateMachine.cpp:78:6:void LED_StateMachine_Handle()	8	static,ignoring_inline_asm
LED_StateMachine.cpp:190:6:void LED_CopyRGB(uint16_t, uint16_t, uint16_t)	24	static
LED_StateMachine.cpp:215:13:void LED_CopyRGW(uint16_t, uint16_t, uint16_t, uint16_t)	24	static
LED_StateMachine.cpp:231:13:void LED_CopyHSV(uint16_t, uint16_t, uint16_t)	24	static
LED_StateMachine.cpp:240:6:void LED_SetModeRGB(uint16_t, uint16_t, uint16_t)	24	static
LED_StateMachine.cpp:249:6:void LED_SetModeRGBW(uint16_t, uint16_t, uint16_t, uint16_t)	24	static
LED_StateMachine.cpp:258:6:void LED_SetModeHSV(uint16_t, uint16_t, uint16_t)	24	static
LED_StateMachine.cpp:269:6:void LED_SetModeStrobeRGB(uint8_t, uint8_t, uint16_t, uint16_t, uint16_t)	24	static
LED_StateMachine.cpp:284:6:void LED_SetModeStrobeRGBW(uint8_t, uint8_t, uint16_t, uint16_t, uint16_t, uint16_t)	24	static
LED_StateMachine.cpp:299:6:void LED_SetModeStrobeHSV(uint8_t, uint8_t, uint16_t, uint16_t, uint16_t)	24	static
LED_StateMachine.cpp:316:6:void LED_SetModeFadeHue(uint16_t, uint16_t, uint16_t, uint16_t, uint16_t)	24	static
LED_StateMachine.cpp:329:6:void LED_SetModeFadeSaturation(uint16_t, uint16_t, uint16_t, uint16_t, uint16_t)	24	static
LED_StateMachine.cpp:342:6:void LED_SetModeFadeValue(uint16_t, uint16_t, uint16_t, uint16_t, uint16_t)	24	static
LED_StateMachine.cpp:355:6:void SetHSV(uint16_t, uint16_t, uint16_t)	32	static
