LED_PWM.cpp:40:6:void LED_PWM_Init()	8	static
LED_PWM.cpp:61:6:void LED_PWM_SetRGBW(uint16_t, uint16_t, uint16_t, uint16_t)	24	static
LED_PWM.cpp:75:6:void LED_PWM_SetPWM_TIM(uint32_t, uint32_t, uint16_t)	40	static
LED_PWM.cpp:101:6:void LED_PWM_SetBoost(uint8_t)	16	static
LED_PWM.cpp:109:6:void LED_PWM_CheckBoost()	8	static
LED_PWM.cpp:125:6:void LED_PWM_SetFastPWM(uint16_t, uint16_t, uint16_t, uint16_t)	24	static
LED_PWM.cpp:152:6:void LED_PWM_SetSlowPWM(uint16_t, uint16_t, uint16_t, uint16_t)	24	static
LED_PWM.cpp:179:17:uint16_t MapRounded(uint16_t, uint16_t, uint16_t, uint16_t, uint16_t)	24	static
