main.cpp:88:5:int main()	8	static
main.cpp:147:6:void SystemClock_Config()	96	static
main.cpp:192:13:void MX_ADC_Init()	24	static
main.cpp:244:13:void MX_SPI1_Init()	8	static
main.cpp:287:13:void MX_TIM1_Init()	96	static
main.cpp:374:13:void MX_TIM3_Init()	64	static
main.cpp:445:13:void MX_TIM17_Init()	72	static
main.cpp:507:13:void MX_USART1_UART_Init()	8	static
main.cpp:542:13:void MX_USART2_UART_Init()	8	static
main.cpp:575:13:void MX_DMA_Init()	16	static
main.cpp:596:13:void MX_GPIO_Init()	48	static
main.cpp:651:6:void Error_Handler()	8	static
