main.cpp:88:5:int main()	8	static
main.cpp:145:6:void SystemClock_Config()	96	static
main.cpp:190:13:void MX_ADC_Init()	24	static
main.cpp:242:13:void MX_SPI1_Init()	8	static
main.cpp:285:13:void MX_TIM1_Init()	96	static
main.cpp:372:13:void MX_TIM3_Init()	64	static
main.cpp:443:13:void MX_TIM17_Init()	72	static
main.cpp:505:13:void MX_USART1_UART_Init()	8	static
main.cpp:540:13:void MX_USART2_UART_Init()	8	static
main.cpp:573:13:void MX_DMA_Init()	16	static
main.cpp:594:13:void MX_GPIO_Init()	48	static
main.cpp:639:6:void Error_Handler()	8	static
