stm32_nrf24l01.c:47:6:NRF24L01_InitPins	8	static
stm32_nrf24l01.c:55:9:NRF24L01_Init	16	static
stm32_nrf24l01.c:125:6:NRF24L01_SetMyAddress	16	static
stm32_nrf24l01.c:131:6:NRF24L01_SetTxAddress	16	static
stm32_nrf24l01.c:136:6:NRF24L01_WriteBit	32	static
stm32_nrf24l01.c:150:9:NRF24L01_ReadBit	32	static
stm32_nrf24l01.c:159:9:NRF24L01_ReadRegister	32	static
stm32_nrf24l01.c:169:6:NRF24L01_ReadRegisterMulti	16	static
stm32_nrf24l01.c:176:9:NRF24L01_WriteRegister	32	static
stm32_nrf24l01.c:187:6:NRF24L01_WriteRegisterMulti	16	static
stm32_nrf24l01.c:194:6:NRF24L01_PowerUpTx	8	static
stm32_nrf24l01.c:199:6:NRF24L01_PowerUpRx	8	static
stm32_nrf24l01.c:212:6:NRF24L01_PowerDown	8	static
stm32_nrf24l01.c:217:6:NRF24L01_Transmit	32	static
stm32_nrf24l01.c:242:6:NRF24L01_GetData	16	static
stm32_nrf24l01.c:256:9:NRF24L01_DataReady	24	static
stm32_nrf24l01.c:265:9:NRF24L01_RxFifoEmpty	24	static
stm32_nrf24l01.c:270:9:NRF24L01_GetStatus	24	static
stm32_nrf24l01.c:282:28:NRF24L01_GetTransmissionStatus	24	static
stm32_nrf24l01.c:296:6:NRF24L01_SoftwareReset	16	static
stm32_nrf24l01.c:350:9:NRF24L01_GetRetransmissionsCount	8	static
stm32_nrf24l01.c:355:6:NRF24L01_SetChannel	16	static
stm32_nrf24l01.c:364:6:NRF24L01_SetRF	24	static
stm32_nrf24l01.c:387:9:NRF24L01_Read_Interrupts	16	static
stm32_nrf24l01.c:392:9:NRF24L01_Clear_Interrupts	8	static
