stm32_nrf24l01.c:47:6:NRF24L01_InitPins	8	static
stm32_nrf24l01.c:55:9:NRF24L01_Init	16	static
stm32_nrf24l01.c:131:6:NRF24L01_SetMyAddress	16	static
stm32_nrf24l01.c:137:6:NRF24L01_SetTxAddress	16	static
stm32_nrf24l01.c:142:6:NRF24L01_WriteBit	32	static
stm32_nrf24l01.c:156:9:NRF24L01_ReadBit	32	static
stm32_nrf24l01.c:165:9:NRF24L01_ReadRegister	32	static
stm32_nrf24l01.c:177:6:NRF24L01_ReadRegisterMulti	16	static
stm32_nrf24l01.c:185:9:NRF24L01_WriteRegister	32	static
stm32_nrf24l01.c:196:6:NRF24L01_WriteRegisterMulti	16	static
stm32_nrf24l01.c:203:6:NRF24L01_PowerUpTx	8	static
stm32_nrf24l01.c:216:6:NRF24L01_PowerUpRx	8	static
stm32_nrf24l01.c:229:6:NRF24L01_PowerDown	8	static
stm32_nrf24l01.c:234:6:NRF24L01_Transmit	32	static
stm32_nrf24l01.c:260:6:NRF24L01_GetData	16	static
stm32_nrf24l01.c:274:9:NRF24L01_DataReady	24	static
stm32_nrf24l01.c:283:9:NRF24L01_RxFifoEmpty	24	static
stm32_nrf24l01.c:288:9:NRF24L01_GetStatus	24	static
stm32_nrf24l01.c:300:28:NRF24L01_GetTransmissionStatus	24	static
stm32_nrf24l01.c:314:6:NRF24L01_SoftwareReset	16	static
stm32_nrf24l01.c:378:9:NRF24L01_GetRetransmissionsCount	8	static
stm32_nrf24l01.c:383:6:NRF24L01_SetChannel	16	static
stm32_nrf24l01.c:392:6:NRF24L01_SetRF	24	static
stm32_nrf24l01.c:415:9:NRF24L01_Read_Interrupts	16	static
stm32_nrf24l01.c:420:9:NRF24L01_Clear_Interrupts	8	static
